07-13 21:04:08.728  1466  1466 I AutoPasteSuggestionHelper: AutoPasteSuggestionHelper.createProactiveSuggestions():471 Failed to create item chips.
07-13 21:04:08.783  1466  1466 I CrowdsourceExtension: CrowdsourceExtension.checkIfDefaultBrowserIsAllowed():109 Failed to get default browser. The default browser may be deactivated.
07-13 21:04:08.792  1466  1466 I NewLanguagePromptExtension: NewLanguagePromptExtension.onActivate():186 Not activated NewLanguagePromptExtension: not a normal text input box.
07-13 21:04:08.795  1466  1466 I VoiceInputManagerWrapper: VoiceInputManagerWrapper.cancelShutdown():100 cancelShutdown()
07-13 21:04:08.795  1466  1466 I VoiceInputManagerWrapper: VoiceInputManagerWrapper.syncLanguagePacks():112 syncLanguagePacks()
07-13 21:04:08.798  1466  1466 I VoiceInputManager: VoiceInputManager.onKeyboardActivated():1023 onKeyboardActivated() [UD]
07-13 21:04:08.802  1466  8539 I SpeechFactory: SpeechRecognitionFactory.maybeScheduleAutoPackDownloadForFallback():161 maybeScheduleAutoPackDownloadForFallback()
07-13 21:04:08.803  1466  8539 I FallbackOnDeviceRecognitionProvider: FallbackOnDeviceRecognitionProvider.maybeScheduleAutoPackDownload():198 maybeScheduleAutoPackDownload() for language tag en-US
07-13 21:04:08.804  1466  1466 I AccessoryInputModeManager: AccessoryInputModeManager.onModeStarted():322 Accessory input mode started: STYLUS
07-13 21:04:08.806  1466  1466 W ExtensionWrapper: ExtensionWrapper.setAllowUpdateNavigationBarStyle():810 class iio is not activate
07-13 21:04:08.806  1466  1466 I WidgetViewShowingController: WidgetViewShowingController.showWidgetKeyboardInternal():524 Show companion widget
07-13 21:04:08.829  1466  1466 W ExtensionWrapper: ExtensionWrapper.setAllowUpdateNavigationBarStyle():810 class iio is not activate
07-13 21:04:08.829  1466  1466 I WidgetViewShowingPositionHandler: WidgetViewShowingPositionHandler.updateAvailableArea():194 update available area Rect(21, 163 - 1059, 2357)
07-13 21:04:08.831  1466  1466 I ProactiveUndoTriggerExtension: ProactiveUndoTriggerExtension.eventConsumer$lambda$0():125 kyp{intention=null, keyCode=-10159, ACTIVATE_SUPPLEMENTARY_KEYBOARD, data=accessory_candidates_consumer}
07-13 21:04:08.831  1466  1466 W NotificationCenter: NotificationCenter$NotificationQueue.notifyPendingNotificationsOnExecutor():877 Heavy notify work detected on UI thread: [ikh->iik] takes 28ms
07-13 21:04:08.833  1466  1466 I KeyboardModeUtils: KeyboardModeUtils.getKeyboardBottomOffset():437 inch: 0.000000 ydpi: 420.000000 adjustKeyboardBottomByDisplaySize: false currentDensityDpi: 420 defaultDensityDpi: 420 keyboardBottomToScreenPx: 0 keyboardBottomToNavBarPx: -63 navBarHeight: 63
07-13 21:04:08.833  1466  1466 I ResizableKeyboardModeController: ResizableKeyboardModeController.getKeyboardBottomOffset():182 currentPrimeKeyboardType:SOFT keyboardBottomOffset:0 navBarHeight:63 isInLandscape:false
07-13 21:04:08.834  1466  1466 I KeyboardHeightUtil: KeyboardHeightUtil.calculateMaxKeyboardBodyHeight():46 leave 281 height for app when ime window height:2219, header height:116 and isFullscreenMode:false, so the max keyboard body height is:1822
07-13 21:04:08.835  1466  1466 W ExtensionWrapper: ExtensionWrapper.setExtensionViewVisibility():801 interface koa is not activate
07-13 21:04:08.840  1466  1466 I Module  : DeviceLockedStatusModuleProvider$Module.updateDeviceLockedStatus():100 repeatCheckTimes = 1, locked = false
07-13 21:04:08.847  1466  1466 I CurrentMicStatusHolder: CurrentMicStatusHolder.onStartInputView():81 Current Mic status = {MicIconHidden-PasswordOrNumberOrDateInputType,}
07-13 21:04:08.852  1577  1577 D BoundBrokerSvc: onBind: Intent { act=com.google.firebase.dynamiclinks.service.START xflg=0x4 pkg=com.google.android.gms }
07-13 21:04:08.852  1577  1577 D BoundBrokerSvc: Loading bound service for intent: Intent { act=com.google.firebase.dynamiclinks.service.START xflg=0x4 pkg=com.google.android.gms }
07-13 21:04:08.871  1466  1466 I WindowMetricsNotification: WindowMetricsNotification.notifyWithWindow():166
07-13 21:04:08.872  1466  1466 I WindowMetricsNotification: WindowMetricsNotification.notify():159 mub[bounds=Rect(0, 142 - 1080, 2424), insets=Rect(0, 0 - 0, 63), densityDpi=420, smallestScreenWidthDp=411, displayWidth=1080, displayHeight=2424, xdpi=420.0, ydpi=420.0, isTrustable=true, displayId=0]; DisplayMetrics{density=2.625, width=1080, height=2424, scaledDensity=2.625, xdpi=420.0, ydpi=420.0}
07-13 21:04:08.999  1466  1466 I GoogleInputMethodService: GoogleInputMethodService$1.onKeyboardViewShown():312 onKeyboardViewShown: keyboardType=accessory, keyboardViewType=HEADER keyboardView=null
07-13 21:04:08.999  1466  1466 I GoogleInputMethodService: GoogleInputMethodService$1.onKeyboardViewShown():312 onKeyboardViewShown: keyboardType=accessory, keyboardViewType=BODY keyboardView=null
07-13 21:04:09.126 10726 10726 D InsetsController: show(ime(), fromIme=false)
07-13 21:04:09.127 10726 10726 I ImeTracker: com.example.tiptime:8294ce6: onRequestShow at ORIGIN_CLIENT reason SHOW_SOFT_INPUT_BY_INSETS_API fromUser false
07-13 21:04:09.127 10726 10726 I ImeTracker: com.example.tiptime:8294ce6: onCancelled at PHASE_CLIENT_REPORT_REQUESTED_VISIBLE_TYPES
07-13 21:04:09.129   697   828 I ImeTracker: com.example.tiptime:d8a200c7: onRequestShow at ORIGIN_SERVER reason ATTACH_NEW_INPUT fromUser false
07-13 21:04:09.135 10726 10726 W RemoteInputConnectionImpl: getSurroundingText on inactive InputConnection
07-13 21:04:09.138  1466  1466 W InputConnectionWrapper: InputConnectionWrapper.recordDuration():1609 IPC IC_GET_SURROUNDING_TEXT took 138 ms
07-13 21:04:09.141 10726 10726 I ImeTracker: com.example.tiptime:662d58db: onRequestShow at ORIGIN_CLIENT reason SHOW_SOFT_INPUT fromUser false
07-13 21:04:09.141 10726 10726 D InsetsController: show(ime(), fromIme=false)
07-13 21:04:09.142 10726 10726 I ImeTracker: com.example.tiptime:662d58db: onCancelled at PHASE_CLIENT_APPLY_ANIMATION
07-13 21:04:09.142  1466  1466 I KeyboardHeightUtil: KeyboardHeightUtil.calculateMaxKeyboardBodyHeight():46 leave 281 height for app when ime window height:2219, header height:116 and isFullscreenMode:false, so the max keyboard body height is:1822
07-13 21:04:09.142  1466  1466 I KeyboardHeightUtil: KeyboardHeightUtil.calculateMaxKeyboardBodyHeight():46 leave 281 height for app when ime window height:2219, header height:116 and isFullscreenMode:false, so the max keyboard body height is:1822
07-13 21:04:09.143  1466  1466 I KeyboardHeightUtil: KeyboardHeightUtil.calculateMaxKeyboardBodyHeight():46 leave 281 height for app when ime window height:2219, header height:116 and isFullscreenMode:false, so the max keyboard body height is:1822
07-13 21:04:09.152  1466  1466 I GoogleInputMethodService: GoogleInputMethodService.onStartInput():1293 onStartInput(EditorInfo{EditorInfo{packageName=com.example.tiptime, inputType=2, inputTypeString=Number, enableLearning=false, autoCorrection=false, autoComplete=false, imeOptions=2000005, privateImeOptions=null, actionName=NEXT, actionLabel=null, initialSelStart=0, initialSelEnd=0, initialCapsMode=0, label=null, fieldId=-1, fieldName=null, extras=Bundle[mParcelledData.dataSize=404], hintText=null, hintLocales=[]}}, true)
07-13 21:04:09.152  1466  1466 W SessionManager: SessionManager.beginSession():53 Try to begin an already begun session [INPUT_SESSION], end it first
07-13 21:04:09.152  1466  1466 W SessionManager: SessionManager.endSession():96 Child session [INPUT_VIEW_SESSION] is not ended while ending session [{INPUT_VIEW_SESSION=1752420848659, IME_SESSION=1752420848670, INPUT_SESSION=1752420848533}], ending it now.
07-13 21:04:09.152  1466  1466 W SessionManager: SessionManager.endSession():96 Child session [IME_SESSION] is not ended while ending session [{INPUT_VIEW_SESSION=1752420848659, IME_SESSION=1752420848670, INPUT_SESSION=1752420848533}], ending it now.
07-13 21:04:09.161 10726 10726 W InteractionJankMonitor: Initializing without READ_DEVICE_CONFIG permission. enabled=false, interval=1, missedFrameThreshold=3, frameTimeThreshold=64, package=com.example.tiptime
07-13 21:04:09.184  1466  1466 I Module  : DeviceLockedStatusModuleProvider$Module.updateDeviceLockedStatus():100 repeatCheckTimes = 1, locked = false
07-13 21:04:09.195  1466  1466 I GoogleInputMethodService: GoogleInputMethodService.onStartInputView():1392 onStartInputView(EditorInfo{EditorInfo{packageName=com.example.tiptime, inputType=2, inputTypeString=Number, enableLearning=false, autoCorrection=false, autoComplete=false, imeOptions=2000005, privateImeOptions=null, actionName=NEXT, actionLabel=null, initialSelStart=0, initialSelEnd=0, initialCapsMode=0, label=null, fieldId=-1, fieldName=null, extras=Bundle[{android.support.text.emoji.emojiCompat_metadataVersion=10, androidx.core.view.inputmethod.EditorInfoCompat.STYLUS_HANDWRITING_ENABLED=true, android.support.text.emoji.emojiCompat_replaceAll=false}], hintText=null, hintLocales=[]}}, true)
07-13 21:04:09.198  1466  1466 I KeyboardHeightUtil: KeyboardHeightUtil.getOemKeyboardHeightRatio():161 systemKeyboardHeightRatio:1.000000.
07-13 21:04:09.230  1466  1466 W SessionManager: SessionManager.endSession():88 Try to end a not begun session [IME_SESSION].
07-13 21:04:09.230  1466  1466 I AndroidIME: InputBundleManager.loadActiveInputBundleId():483 loadActiveInputBundleId: und-Latn-x-number, number
07-13 21:04:09.231  1466  1466 I KeyboardWrapper: KeyboardWrapper.activateKeyboard():562 activateKeyboard(): type=accessory, status=0, imeDef=kyj{stringId=number, language=und-Latn-x-number, languageTag=und-Latn-x-number, processedConditions={}, className=com.google.android.libraries.inputmethod.ime.DummyIme, label=2132019005, keyEventInterpreter=null, inlineComposing=true, autoCapital=false, announceAutoSelectedCandidate=false, statusIcon=0, primeKeyboardType=SOFT, indicatorIcon=0, indicatorLabel=null, displayAppCompletions=false, extraValues=kyb{}, processors=lac@460f995, unacceptableMetaKeys=4098, languageSpecificSettings=0, asciiCapable=false, alwaysShowSuggestions=false, useAsciiPasswordKeyboard=false, secondaryIme=null, keyboardGroupDef=kzl@49f0a38, phenotypeFlagId=0, localizationLanguageTag=null, supportsInlineSuggestion=false}
07-13 21:04:09.232  1466  1466 I KeyboardManager: KeyboardManager.requestKeyboard():248 Creating keyboard accessory, imeId=number, cacheKey=theme_!gsf_!pgsans_!pgsf_!use_system_font_BORDER=true_FLAVOR_DPI=XXHDPI_KEYBOARD_WIDTH_CATEGORY=NORMAL_LIGHT_THEME=true_PHYSICAL_DIAGONAL=6.0111027_SCREEN_SHORTEST_WIDTH=411_SCREEN_SHORTEST_WIDTH_NO_SCALE=411_bottom4dp_enable_google_fonts_icons=true_enable_popup_on_keypress=true_keyboard_redesign_google_sans=true_noshadow_overlay_builtin_dynamic_color_light_base.binarypb:gm3-light-fffaf8ff-ff475d92-6dac7c28fa7faa76f8370bbfdbc77981_silkpopup_unify_function_key_color=true
07-13 21:04:09.239  1466  1466 I KeyboardWrapper: KeyboardWrapper.onKeyboardReady():212 onKeyboardReady(): type=accessory(accessory), kb=com.google.android.libraries.inputmethod.keyboard.impl.Keyboard@7eb82f2
07-13 21:04:09.239  1466  1466 I KeyboardWrapper: KeyboardWrapper.doActivateKeyboard():589 doActivateKeyboard(): accessory
07-13 21:04:09.239  1466  1466 W Keyboard: Keyboard.getKeyboardViewHelper():597 null helper is returned: keyboardDef=kze{processedConditions={}, globalConditions={}, className=com.google.android.libraries.inputmethod.keyboard.impl.Keyboard, resourceIds=[#0x7f170045], initialStates=0, keyboardViewDefs=[], persistentStates=0, persistentStatesPrefKey=null, popupBubbleLayoutId=0, recentKeyLayoutId=0, recentKeyPopupLayoutId=0, recentKeyType=null, rememberRecentKey=NONE, sessionStates=0}, type=HEADER, helpersCreated=[null, null, null, null], context.getResources().getConfiguration(): {1.0 310mcc260mnc [en_US] ldltr sw411dp w411dp h845dp 420dpi nrml long port finger qwerty/v/v dpad/v winConfig={ mBounds=Rect(0, 0 - 1080, 2424) mAppBounds=Rect(0, 142 - 1080, 2361) mMaxBounds=Rect(0, 0 - 1080, 2424) mDisplayRotation=ROTATION_0 mWindowingMode=fullscreen mActivityType=undefined mAlwaysOnTop=undefined mRotation=ROTATION_0} as.3 s.147 fontWeightAdjustment=0}
07-13 21:04:09.239  1466  1466 W Keyboard: Keyboard.getKeyboardViewHelper():597 null helper is returned: keyboardDef=kze{processedConditions={}, globalConditions={}, className=com.google.android.libraries.inputmethod.keyboard.impl.Keyboard, resourceIds=[#0x7f170045], initialStates=0, keyboardViewDefs=[], persistentStates=0, persistentStatesPrefKey=null, popupBubbleLayoutId=0, recentKeyLayoutId=0, recentKeyPopupLayoutId=0, recentKeyType=null, rememberRecentKey=NONE, sessionStates=0}, type=BODY, helpersCreated=[null, null, null, null], context.getResources().getConfiguration(): {1.0 310mcc260mnc [en_US] ldltr sw411dp w411dp h845dp 420dpi nrml long port finger qwerty/v/v dpad/v winConfig={ mBounds=Rect(0, 0 - 1080, 2424) mAppBounds=Rect(0, 142 - 1080, 2361) mMaxBounds=Rect(0, 0 - 1080, 2424) mDisplayRotation=ROTATION_0 mWindowingMode=fullscreen mActivityType=undefined mAlwaysOnTop=undefined mRotation=ROTATION_0} as.3 s.147 fontWeightAdjustment=0}
07-13 21:04:09.240  1466  1466 I GlobeKeyExtension: GlobeKeyExtension.getKeyboardInitialStates():131
07-13 21:04:09.240  1466  1466 W Keyboard: Keyboard.getKeyboardViewHelper():597 null helper is returned: keyboardDef=kze{processedConditions={}, globalConditions={}, className=com.google.android.libraries.inputmethod.keyboard.impl.Keyboard, resourceIds=[#0x7f170045], initialStates=0, keyboardViewDefs=[], persistentStates=0, persistentStatesPrefKey=null, popupBubbleLayoutId=0, recentKeyLayoutId=0, recentKeyPopupLayoutId=0, recentKeyType=null, rememberRecentKey=NONE, sessionStates=0}, type=HEADER, helpersCreated=[null, null, null, null], context.getResources().getConfiguration(): {1.0 310mcc260mnc [en_US] ldltr sw411dp w411dp h845dp 420dpi nrml long port finger qwerty/v/v dpad/v winConfig={ mBounds=Rect(0, 0 - 1080, 2424) mAppBounds=Rect(0, 142 - 1080, 2361) mMaxBounds=Rect(0, 0 - 1080, 2424) mDisplayRotation=ROTATION_0 mWindowingMode=fullscreen mActivityType=undefined mAlwaysOnTop=undefined mRotation=ROTATION_0} as.3 s.147 fontWeightAdjustment=0}
07-13 21:04:09.240  1466  1466 W Keyboard: Keyboard.getKeyboardViewHelper():597 null helper is returned: keyboardDef=kze{processedConditions={}, globalConditions={}, className=com.google.android.libraries.inputmethod.keyboard.impl.Keyboard, resourceIds=[#0x7f170045], initialStates=0, keyboardViewDefs=[], persistentStates=0, persistentStatesPrefKey=null, popupBubbleLayoutId=0, recentKeyLayoutId=0, recentKeyPopupLayoutId=0, recentKeyType=null, rememberRecentKey=NONE, sessionStates=0}, type=BODY, helpersCreated=[null, null, null, null], context.getResources().getConfiguration(): {1.0 310mcc260mnc [en_US] ldltr sw411dp w411dp h845dp 420dpi nrml long port finger qwerty/v/v dpad/v winConfig={ mBounds=Rect(0, 0 - 1080, 2424) mAppBounds=Rect(0, 142 - 1080, 2361) mMaxBounds=Rect(0, 0 - 1080, 2424) mDisplayRotation=ROTATION_0 mWindowingMode=fullscreen mActivityType=undefined mAlwaysOnTop=undefined mRotation=ROTATION_0} as.3 s.147 fontWeightAdjustment=0}
07-13 21:04:09.246  1466  1466 W Keyboard: Keyboard.getKeyboardViewHelper():597 null helper is returned: keyboardDef=kze{processedConditions={}, globalConditions={}, className=com.google.android.libraries.inputmethod.keyboard.impl.Keyboard, resourceIds=[#0x7f170045], initialStates=0, keyboardViewDefs=[], persistentStates=0, persistentStatesPrefKey=null, popupBubbleLayoutId=0, recentKeyLayoutId=0, recentKeyPopupLayoutId=0, recentKeyType=null, rememberRecentKey=NONE, sessionStates=0}, type=FLOATING_CANDIDATES, helpersCreated=[null, null, null, null], context.getResources().getConfiguration(): {1.0 310mcc260mnc [en_US] ldltr sw411dp w411dp h845dp 420dpi nrml long port finger qwerty/v/v dpad/v winConfig={ mBounds=Rect(0, 0 - 1080, 2424) mAppBounds=Rect(0, 142 - 1080, 2361) mMaxBounds=Rect(0, 0 - 1080, 2424) mDisplayRotation=ROTATION_0 mWindowingMode=fullscreen mActivityType=undefined mAlwaysOnTop=undefined mRotation=ROTATION_0} as.3 s.147 fontWeightAdjustment=0}
07-13 21:04:09.247  1466  1466 W Keyboard: Keyboard.getKeyboardViewHelper():597 null helper is returned: keyboardDef=kze{processedConditions={}, globalConditions={}, className=com.google.android.libraries.inputmethod.keyboard.impl.Keyboard, resourceIds=[#0x7f170045], initialStates=0, keyboardViewDefs=[], persistentStates=0, persistentStatesPrefKey=null, popupBubbleLayoutId=0, recentKeyLayoutId=0, recentKeyPopupLayoutId=0, recentKeyType=null, rememberRecentKey=NONE, sessionStates=0}, type=WIDGET, helpersCreated=[null, null, null, null], context.getResources().getConfiguration(): {1.0 310mcc260mnc [en_US] ldltr sw411dp w411dp h845dp 420dpi nrml long port finger qwerty/v/v dpad/v winConfig={ mBounds=Rect(0, 0 - 1080, 2424) mAppBounds=Rect(0, 142 - 1080, 2361) mMaxBounds=Rect(0, 0 - 1080, 2424) mDisplayRotation=ROTATION_0 mWindowingMode=fullscreen mActivityType=undefined mAlwaysOnTop=undefined mRotation=ROTATION_0} as.3 s.147 fontWeightAdjustment=0}
07-13 21:04:09.247  1466  1466 I KeyboardManager: KeyboardManager.requestKeyboard():248 Creating keyboard accessory_candidates_consumer, imeId=number, cacheKey=theme_!gsf_!pgsans_!pgsf_!use_system_font_BORDER=true_FLAVOR_DPI=XXHDPI_KEYBOARD_WIDTH_CATEGORY=NORMAL_LIGHT_THEME=true_PHYSICAL_DIAGONAL=6.0111027_SCREEN_SHORTEST_WIDTH=411_SCREEN_SHORTEST_WIDTH_NO_SCALE=411_bottom4dp_enable_google_fonts_icons=true_enable_popup_on_keypress=true_keyboard_redesign_google_sans=true_noshadow_overlay_builtin_dynamic_color_light_base.binarypb:gm3-light-fffaf8ff-ff475d92-6dac7c28fa7faa76f8370bbfdbc77981_silkpopup_unify_function_key_color=true
07-13 21:04:09.248  1466  1466 I GlobeKeyExtension: GlobeKeyExtension.getKeyboardInitialStates():131
07-13 21:04:09.254  1466  1466 W Keyboard: Keyboard.getKeyboardViewHelper():597 null helper is returned: keyboardDef=kze{processedConditions={}, globalConditions={global_theme_key=theme_!gsf_!pgsans_!pgsf_!use_system_font_BORDER=true_FLAVOR_DPI=XXHDPI_KEYBOARD_WIDTH_CATEGORY=NORMAL_LIGHT_THEME=true_PHYSICAL_DIAGONAL=6.0111027_SCREEN_SHORTEST_WIDTH=411_SCREEN_SHORTEST_WIDTH_NO_SCALE=411_bottom4dp_enable_google_fonts_icons=true_enable_popup_on_keypress=true_keyboard_redesign_google_sans=true_noshadow_overlay_builtin_dynamic_color_light_base.binarypb:gm3-light-fffaf8ff-ff475d92-6dac7c28fa7faa76f8370bbfdbc77981_silkpopup_unify_function_key_color=true, global_locale=en_US, global_density_dpi=420, global_orientation=1}, className=.latin.keyboard.AccessoryKeyboard, resourceIds=[#0x7f170044], initialStates=0, keyboardViewDefs=[kzt{direction=null, id=#0x7f0b0166, isScalable=false, layoutId=#0x7f0e002d, type=FLOATING_CANDIDATES, touchable=true, defaultShow=false}], persistentStates=0, persistentStatesPrefKey=null, popupBubbleLayoutId=#0x7f0e05ce, recentKeyLayoutId=0, recentKeyPopupLayoutId=0, recentKeyType=null, rememberRecentKey=NONE, sessionStates=0}, type=HEADER, helpersCreated=[null, null, kkl@7a63174, null], context.getResources().getConfiguration(): {1.0 310mcc260mnc [en_US] ldltr sw411dp w411dp h845dp 420dpi nrml long port finger qwerty/v/v dpad/v winConfig={ mBounds=Rect(0, 0 - 1080, 2424) mAppBounds=Rect(0, 142 - 1080, 2361) mMaxBounds=Rect(0, 0 - 1080, 2424) mDisplayRotation=ROTATION_0 mWindowingMode=fullscreen mActivityType=undefined mAlwaysOnTop=undefined mRotation=ROTATION_0} as.3 s.147 fontWeightAdjustment=0}
07-13 21:04:09.254  1466  1466 W Keyboard: Keyboard.getKeyboardViewHelper():597 null helper is returned: keyboardDef=kze{processedConditions={}, globalConditions={global_theme_key=theme_!gsf_!pgsans_!pgsf_!use_system_font_BORDER=true_FLAVOR_DPI=XXHDPI_KEYBOARD_WIDTH_CATEGORY=NORMAL_LIGHT_THEME=true_PHYSICAL_DIAGONAL=6.0111027_SCREEN_SHORTEST_WIDTH=411_SCREEN_SHORTEST_WIDTH_NO_SCALE=411_bottom4dp_enable_google_fonts_icons=true_enable_popup_on_keypress=true_keyboard_redesign_google_sans=true_noshadow_overlay_builtin_dynamic_color_light_base.binarypb:gm3-light-fffaf8ff-ff475d92-6dac7c28fa7faa76f8370bbfdbc77981_silkpopup_unify_function_key_color=true, global_locale=en_US, global_density_dpi=420, global_orientation=1}, className=.latin.keyboard.AccessoryKeyboard, resourceIds=[#0x7f170044], initialStates=0, keyboardViewDefs=[kzt{direction=null, id=#0x7f0b0166, isScalable=false, layoutId=#0x7f0e002d, type=FLOATING_CANDIDATES, touchable=true, defaultShow=false}], persistentStates=0, persistentStatesPrefKey=null, popupBubbleLayoutId=#0x7f0e05ce, recentKeyLayoutId=0, recentKeyPopupLayoutId=0, recentKeyType=null, rememberRecentKey=NONE, sessionStates=0}, type=BODY, helpersCreated=[null, null, kkl@7a63174, null], context.getResources().getConfiguration(): {1.0 310mcc260mnc [en_US] ldltr sw411dp w411dp h845dp 420dpi nrml long port finger qwerty/v/v dpad/v winConfig={ mBounds=Rect(0, 0 - 1080, 2424) mAppBounds=Rect(0, 142 - 1080, 2361) mMaxBounds=Rect(0, 0 - 1080, 2424) mDisplayRotation=ROTATION_0 mWindowingMode=fullscreen mActivityType=undefined mAlwaysOnTop=undefined mRotation=ROTATION_0} as.3 s.147 fontWeightAdjustment=0}
07-13 21:04:09.258  1466  1466 I AndroidIME: InputBundleManager.startInput():361 startInput() with kzp[keyboardType=accessory, payload=null]
07-13 21:04:09.258  1466  1466 I GlobeKeyExtension: GlobeKeyExtension.onDeactivate():104
07-13 21:04:09.258  1466  1466 I AutoPasteSuggestionHelper: AutoPasteSuggestionHelper.createProactiveSuggestions():471 Failed to create item chips.
07-13 21:04:09.260  1466  1466 I VoiceInputManagerWrapper: VoiceInputManagerWrapper.shutdown():122 shutdown()
07-13 21:04:09.261  1466  1466 W ExtensionWrapper: ExtensionWrapper.setAllowUpdateNavigationBarStyle():810 class iio is not activate
07-13 21:04:09.262  1466  1466 W ExtensionWrapper: ExtensionWrapper.setAllowUpdateNavigationBarStyle():810 class iio is not activate
07-13 21:04:09.262  1466  1466 I GlobeKeyExtension: GlobeKeyExtension.onActivate():70
07-13 21:04:09.307  1466  1466 I CrowdsourceExtension: CrowdsourceExtension.checkIfDefaultBrowserIsAllowed():109 Failed to get default browser. The default browser may be deactivated.
07-13 21:04:09.308  1466  1466 I NewLanguagePromptExtension: NewLanguagePromptExtension.onActivate():186 Not activated NewLanguagePromptExtension: not a normal text input box.
07-13 21:04:09.310  1466  1466 I VoiceInputManagerWrapper: VoiceInputManagerWrapper.cancelShutdown():100 cancelShutdown()
07-13 21:04:09.310  1466  1466 I VoiceInputManagerWrapper: VoiceInputManagerWrapper.syncLanguagePacks():112 syncLanguagePacks()
07-13 21:04:09.311  1466  1466 I VoiceInputManager: VoiceInputManager.onKeyboardActivated():1023 onKeyboardActivated() [UD]
07-13 21:04:09.311  1466  8539 I SpeechFactory: SpeechRecognitionFactory.maybeScheduleAutoPackDownloadForFallback():161 maybeScheduleAutoPackDownloadForFallback()
07-13 21:04:09.311  1466  8539 I FallbackOnDeviceRecognitionProvider: FallbackOnDeviceRecognitionProvider.maybeScheduleAutoPackDownload():198 maybeScheduleAutoPackDownload() for language tag en-US
07-13 21:04:09.312  1466  1466 I AccessoryInputModeManager: AccessoryInputModeManager.onModeStarted():322 Accessory input mode started: STYLUS
07-13 21:04:09.312  1466  1466 W ExtensionWrapper: ExtensionWrapper.setAllowUpdateNavigationBarStyle():810 class iio is not activate
07-13 21:04:09.312  1466  1466 I WidgetViewShowingController: WidgetViewShowingController.showWidgetKeyboardInternal():524 Show companion widget
07-13 21:04:09.320  1466  1466 W ExtensionWrapper: ExtensionWrapper.setAllowUpdateNavigationBarStyle():810 class iio is not activate
07-13 21:04:09.320  1466  1466 I WidgetViewShowingPositionHandler: WidgetViewShowingPositionHandler.updateAvailableArea():194 update available area Rect(21, 163 - 1059, 2357)
07-13 21:04:09.321  1466  1466 I ProactiveUndoTriggerExtension: ProactiveUndoTriggerExtension.eventConsumer$lambda$0():125 kyp{intention=null, keyCode=-10159, ACTIVATE_SUPPLEMENTARY_KEYBOARD, data=accessory_candidates_consumer}
07-13 21:04:09.321  1466  1466 I KeyboardModeUtils: KeyboardModeUtils.getKeyboardBottomOffset():437 inch: 0.000000 ydpi: 420.000000 adjustKeyboardBottomByDisplaySize: false currentDensityDpi: 420 defaultDensityDpi: 420 keyboardBottomToScreenPx: 0 keyboardBottomToNavBarPx: -63 navBarHeight: 63
07-13 21:04:09.321  1466  1466 I ResizableKeyboardModeController: ResizableKeyboardModeController.getKeyboardBottomOffset():182 currentPrimeKeyboardType:SOFT keyboardBottomOffset:0 navBarHeight:63 isInLandscape:false
07-13 21:04:09.322  1466  1466 I KeyboardHeightUtil: KeyboardHeightUtil.calculateMaxKeyboardBodyHeight():46 leave 281 height for app when ime window height:2219, header height:116 and isFullscreenMode:false, so the max keyboard body height is:1822
07-13 21:04:09.322  1466  1466 W ExtensionWrapper: ExtensionWrapper.setExtensionViewVisibility():801 interface koa is not activate
07-13 21:04:09.323  1466  1466 I Module  : DeviceLockedStatusModuleProvider$Module.updateDeviceLockedStatus():100 repeatCheckTimes = 1, locked = false
07-13 21:04:09.327  1466  1466 I CurrentMicStatusHolder: CurrentMicStatusHolder.onStartInputView():81 Current Mic status = {MicIconHidden-PasswordOrNumberOrDateInputType,}
07-13 21:04:09.331  1466  1466 I StylusModule: StylusModule.onUpdateToolType():801 Update tool type = 2
07-13 21:04:09.336  1466  1466 I WindowMetricsNotification: WindowMetricsNotification.notifyWithWindow():166
07-13 21:04:09.336  1466  1466 I WindowMetricsNotification: WindowMetricsNotification.notify():159 mub[bounds=Rect(0, 142 - 1080, 2424), insets=Rect(0, 0 - 0, 63), densityDpi=420, smallestScreenWidthDp=411, displayWidth=1080, displayHeight=2424, xdpi=420.0, ydpi=420.0, isTrustable=true, displayId=0]; DisplayMetrics{density=2.625, width=1080, height=2424, scaledDensity=2.625, xdpi=420.0, ydpi=420.0}
07-13 21:04:09.343  1466  1466 I GoogleInputMethodService: GoogleInputMethodService$1.onKeyboardViewShown():312 onKeyboardViewShown: keyboardType=accessory, keyboardViewType=HEADER keyboardView=null
07-13 21:04:09.344  1466  1466 I GoogleInputMethodService: GoogleInputMethodService$1.onKeyboardViewShown():312 onKeyboardViewShown: keyboardType=accessory, keyboardViewType=BODY keyboardView=null
07-13 21:04:09.347  1466  1466 I KeyboardHeightUtil: KeyboardHeightUtil.calculateMaxKeyboardBodyHeight():46 leave 281 height for app when ime window height:2219, header height:116 and isFullscreenMode:false, so the max keyboard body height is:1822
07-13 21:04:09.347  1466  1466 I KeyboardHeightUtil: KeyboardHeightUtil.calculateMaxKeyboardBodyHeight():46 leave 281 height for app when ime window height:2219, header height:116 and isFullscreenMode:false, so the max keyboard body height is:1822
07-13 21:04:09.347  1466  1466 I KeyboardHeightUtil: KeyboardHeightUtil.calculateMaxKeyboardBodyHeight():46 leave 281 height for app when ime window height:2219, header height:116 and isFullscreenMode:false, so the max keyboard body height is:1822
07-13 21:04:09.380 10726 10726 I ImeTracker: com.example.tiptime:69e4a9e: onShown
07-13 21:04:09.462   697  1762 I system_server: AssetManager2(0x72a312d2f9f8) locale list changing from [] to [en-US]
07-13 21:04:09.463   697  1762 V GrammaticalInflectionUtils: AttributionSource: android.content.AttributionSource@c719796a does not have READ_SYSTEM_GRAMMATICAL_GENDER permission.
07-13 21:04:09.473   538   599 I BpBinder: onLastStrongRef automatically unlinking death recipients:
07-13 21:04:09.478   969  1086 I ndroid.systemui: AssetManager2(0x72a312ca0d98) locale list changing from [] to [en-US]
07-13 21:04:09.482 10726 10726 D LifecycleMonitor: Lifecycle status change: androidx.activity.ComponentActivity@2195835 in: PAUSED
07-13 21:04:09.482 10726 10726 V ActivityScenario: Update currentActivityStage to PAUSED, currentActivity=androidx.activity.ComponentActivity@2195835
07-13 21:04:09.499   697   729 V GrammaticalInflectionUtils: AttributionSource: android.content.AttributionSource@c719796a does not have READ_SYSTEM_GRAMMATICAL_GENDER permission.
07-13 21:04:09.500   538   538 I BpBinder: onLastStrongRef automatically unlinking death recipients:
07-13 21:04:09.508   611  4241 W IPCThreadState: Sending oneway calls to frozen process.
07-13 21:04:09.508   611  4241 W IPCThreadState: Sending oneway calls to frozen process.
07-13 21:04:09.519   464   464 D Zygote  : Forked child process 10760
07-13 21:04:09.545 10760 10760 I le.tiptime.test: Late-enabling -Xcheck:jni
07-13 21:04:09.588 10760 10760 I le.tiptime.test: Using CollectorTypeCMC GC.
07-13 21:04:09.588 10760 10760 W le.tiptime.test: Unexpected CPU variant for x86: x86_64.
07-13 21:04:09.588 10760 10760 W le.tiptime.test: Known variants: atom, sandybridge, silvermont, goldmont, goldmont-plus, goldmont-without-sha-xsaves, tremont, kabylake, alderlake, default
07-13 21:04:09.596   546   564 I adbd    : jdwp connection from 10760
07-13 21:04:09.625   546   546 W adbd    : type=1400 audit(0.0:1775): avc:  denied  { getattr } for  path="/sys/fs/cgroup/apps/uid_10231/pid_10760/cgroup.freeze" dev="cgroup2" ino=10499 scontext=u:r:adbd:s0 tcontext=u:object_r:cgroup_v2:s0 tclass=file permissive=0
07-13 21:04:09.638 10760 10760 D nativeloader: Load libframework-connectivity-tiramisu-jni.so using APEX ns com_android_tethering for caller /apex/com.android.tethering/javalib/framework-connectivity-t.jar: ok
07-13 21:04:09.656   969  1043 I ndroid.systemui: AssetManager2(0x72a312c6c818) locale list changing from [] to [en-US]
07-13 21:04:09.684 10726 10770 D ProfileInstaller: Installing profile for com.example.tiptime
07-13 21:04:09.693   969  1043 I ndroid.systemui: AssetManager2(0x72a312c5a898) locale list changing from [] to [en-US]
07-13 21:04:09.701 10726 10726 I ImeTracker: com.example.tiptime:d8a200c7: onCancelled at PHASE_CLIENT_ON_CONTROLS_CHANGED
07-13 21:04:09.768   488   488 I RanchuHwc: logCompositionFallbackIfChanged: layer 122 CompositionType fallback from 3 to 1
07-13 21:04:09.779 10760 10760 D ApplicationLoaders: Returning zygote-cached class loader: /system/framework/android.test.base.jar
07-13 21:04:09.785 10760 10760 D nativeloader: Configuring clns-9 for other apk /system/framework/android.test.mock.jar. target_sdk_version=35, uses_libraries=ALL, library_path=/data/app/~~5TFeYo9wDpvtvSKf8dAtMQ==/com.example.tiptime.test-5lWOyLJd16t9YIupBZ8bAQ==/lib/x86_64, permitted_path=/data:/mnt/expand:/data/user/0/com.example.tiptime.test
07-13 21:04:09.787 10760 10760 D ApplicationLoaders: Returning zygote-cached class loader: /system/framework/android.test.base.jar
07-13 21:04:09.789 10760 10760 D nativeloader: Configuring clns-10 for other apk /system/framework/android.test.runner.jar. target_sdk_version=35, uses_libraries=ALL, library_path=/data/app/~~5TFeYo9wDpvtvSKf8dAtMQ==/com.example.tiptime.test-5lWOyLJd16t9YIupBZ8bAQ==/lib/x86_64, permitted_path=/data:/mnt/expand:/data/user/0/com.example.tiptime.test
07-13 21:04:09.800  1254  1254 D BoundBrokerSvc: onRebind: Intent { act=com.google.android.gms.libs.gmscorelogger.service.START dat=chimera-action:/... xflg=0x4 cmp=com.google.android.gms/.chimera.PersistentDirectBootAwareApiService }
07-13 21:04:09.870 10760 10760 D nativeloader: Configuring clns-11 for other apk /data/app/~~5TFeYo9wDpvtvSKf8dAtMQ==/com.example.tiptime.test-5lWOyLJd16t9YIupBZ8bAQ==/base.apk. target_sdk_version=35, uses_libraries=, library_path=/data/app/~~5TFeYo9wDpvtvSKf8dAtMQ==/com.example.tiptime.test-5lWOyLJd16t9YIupBZ8bAQ==/lib/x86_64, permitted_path=/data:/mnt/expand:/data/user/0/com.example.tiptime.test
07-13 21:04:09.881 10760 10760 D CompatChangeReporter: Compat change id reported: 202956589; UID 10231; state: ENABLED
07-13 21:04:09.892 10760 10760 I le.tiptime.test: AssetManager2(0x72a312c3d3d8) locale list changing from [] to [en-US]
07-13 21:04:09.899 10760 10760 V GraphicsEnvironment: Currently set values for:
07-13 21:04:09.899 10760 10760 V GraphicsEnvironment:   angle_gl_driver_selection_pkgs=[]
07-13 21:04:09.901 10760 10760 V GraphicsEnvironment:   angle_gl_driver_selection_values=[]
07-13 21:04:09.901 10760 10760 V GraphicsEnvironment: com.example.tiptime.test is not listed in per-application setting
07-13 21:04:09.902 10760 10760 V GraphicsEnvironment: ANGLE allowlist from config:
07-13 21:04:09.902 10760 10760 V GraphicsEnvironment: com.example.tiptime.test is not listed in ANGLE allowlist or settings, returning default
07-13 21:04:09.902 10760 10760 V GraphicsEnvironment: Neither updatable production driver nor prerelease driver is supported.
07-13 21:04:09.943 10760 10760 I le.tiptime.test: AssetManager2(0x72a312c38298) locale list changing from [] to [en-US]
07-13 21:04:09.965 10760 10760 E ashmem  : Pinning is deprecated since Android Q. Please use trim or other methods.
07-13 21:04:09.997 10760 10760 D CompatChangeReporter: Compat change id reported: 279646685; UID 10231; state: ENABLED
07-13 21:04:10.013 10760 10775 I EGL_emulation: Opening libGLESv1_CM_emulation.so
07-13 21:04:10.016 10760 10760 D CompatChangeReporter: Compat change id reported: 309578419; UID 10231; state: ENABLED
07-13 21:04:10.018 10760 10775 I EGL_emulation: Opening libGLESv2_emulation.so
07-13 21:04:10.026 10760 10760 D DesktopModeFlags: Toggle override initialized to: OVERRIDE_UNSET
07-13 21:04:10.031 10760 10775 W HWUI    : Failed to choose config with EGL_SWAP_BEHAVIOR_PRESERVED, retrying without...
07-13 21:04:10.031 10760 10775 W HWUI    : Failed to initialize 101010-2 format, error = EGL_SUCCESS
07-13 21:04:10.058 10760 10760 D CompatChangeReporter: Compat change id reported: 352594277; UID 10231; state: ENABLED
07-13 21:04:10.076 10760 10760 D CompatChangeReporter: Compat change id reported: 349153669; UID 10231; state: ENABLED
07-13 21:04:10.088 10760 10760 W HWUI    : Unknown dataspace 0
07-13 21:04:10.133   538   554 I BpBinder: onLastStrongRef automatically unlinking death recipients:
07-13 21:04:10.149   538  1186 W ServiceManagerCppClient: Permission failure: android.permission.ACCESS_SURFACE_FLINGER from uid=10231 pid=10760
07-13 21:04:10.149   538  1186 D PermissionCache: checking android.permission.ACCESS_SURFACE_FLINGER for uid=10231 => denied (383 us)
07-13 21:04:10.150   538   554 W ServiceManagerCppClient: Permission failure: android.permission.ACCESS_SURFACE_FLINGER from uid=10231 pid=0
07-13 21:04:10.150   538   554 D PermissionCache: checking android.permission.ACCESS_SURFACE_FLINGER for uid=10231 => denied (891 us)
07-13 21:04:10.150   538   554 W ServiceManagerCppClient: Permission failure: android.permission.ROTATE_SURFACE_FLINGER from uid=10231 pid=0
07-13 21:04:10.150   538   554 D PermissionCache: checking android.permission.ROTATE_SURFACE_FLINGER for uid=10231 => denied (507 us)
07-13 21:04:10.150   538   554 W ServiceManagerCppClient: Permission failure: android.permission.INTERNAL_SYSTEM_WINDOW from uid=10231 pid=0
07-13 21:04:10.150   538   554 D PermissionCache: checking android.permission.INTERNAL_SYSTEM_WINDOW for uid=10231 => denied (296 us)
07-13 21:04:10.155   538  1186 W ServiceManagerCppClient: Permission failure: android.permission.ROTATE_SURFACE_FLINGER from uid=10231 pid=10760
07-13 21:04:10.155   538  1186 D PermissionCache: checking android.permission.ROTATE_SURFACE_FLINGER for uid=10231 => denied (5658 us)
07-13 21:04:10.244   697  1910 W ServiceManagerCppClient: Permission failure: android.permission.ACCESS_SURFACE_FLINGER from uid=10231 pid=0
07-13 21:04:10.244   697  1910 D PermissionCache: checking android.permission.ACCESS_SURFACE_FLINGER for uid=10231 => denied (286 us)
07-13 21:04:10.244   697  1910 W ServiceManagerCppClient: Permission failure: android.permission.ROTATE_SURFACE_FLINGER from uid=10231 pid=0
07-13 21:04:10.247   697  1910 D PermissionCache: checking android.permission.ROTATE_SURFACE_FLINGER for uid=10231 => denied (203 us)
07-13 21:04:10.247   697  1910 W ServiceManagerCppClient: Permission failure: android.permission.INTERNAL_SYSTEM_WINDOW from uid=10231 pid=0
07-13 21:04:10.247   697  1910 D PermissionCache: checking android.permission.INTERNAL_SYSTEM_WINDOW for uid=10231 => denied (749 us)
07-13 21:04:10.260  1122  1122 D ViewRootImpl: Skipping stats log for color mode
07-13 21:04:10.273  1122  1122 D NexusLauncherModelDelegate: notifySmartspaceEvent: SmartspaceTargetEvent{mSmartspaceTarget=null, mSmartspaceActionId='null', mEventType=6}
07-13 21:04:10.280 10726 10726 D VRI[ComponentActivity]: visibilityChanged oldVisibility=true newVisibility=false
07-13 21:04:10.303  1122  1122 D BaseDepthController: setSurface:
07-13 21:04:10.303  1122  1122 D BaseDepthController: 	mWaitingOnSurfaceValidity: false
07-13 21:04:10.303  1122  1122 D BaseDepthController: 	mBaseSurface: Surface(name=com.google.android.apps.nexuslauncher/com.google.android.apps.nexuslauncher.NexusLauncherActivity)/@0x5e5d61a
07-13 21:04:10.363   697  1915 I ImeTracker: system_server:d089a2b3: onRequestShow at ORIGIN_SERVER reason CONTROLS_CHANGED fromUser false
07-13 21:04:10.364 10726 10726 I ImeTracker: system_server:d089a2b3: onCancelled at PHASE_CLIENT_ON_CONTROLS_CHANGED
07-13 21:04:10.381  1122  1122 D StatsLog: LAUNCHER_ONRESUME
07-13 21:04:10.394  1122  1122 I NotificationListener: Handling notification state refresh for com.google.android.apps.wellbeing#0
07-13 21:04:10.395  1122  1122 I NotificationListener: Handling notification state refresh for com.google.android.adservices.api#0
07-13 21:04:10.395  1122  1122 I NotificationListener: Handling notification state refresh for com.android.systemui#0
07-13 21:04:10.395  1122  1122 I NotificationListener: Handling notification state refresh for android#0
07-13 21:04:10.395  1122  1165 D QuickstepModelDelegate: notifyAppTargetEvent action=1 launchLocation=workspace/0/[-1,-1]/[1,1]
07-13 21:04:10.429  1122  1122 D StateManager: createAtomicAnimation - fromState: Background, toState: Normal, partial trace:
07-13 21:04:10.429  1122  1122 D StateManager: 	at com.android.quickstep.util.WorkspaceRevealAnim.prepareToAnimate(go/retraceme ee19ec8c009da7af1d458e7d1683a6f5bf3b93b44f6674aa108e1a3e78584fe0:22)
07-13 21:04:10.429  1122  1122 D StateManager: 	at com.android.quickstep.util.WorkspaceRevealAnim.<init>(go/retraceme ee19ec8c009da7af1d458e7d1683a6f5bf3b93b44f6674aa108e1a3e78584fe0:11)
07-13 21:04:10.429  1122  1122 D StateManager: 	at com.android.launcher3.QuickstepTransitionManager.createWallpaperOpenAnimations(go/retraceme ee19ec8c009da7af1d458e7d1683a6f5bf3b93b44f6674aa108e1a3e78584fe0:339)
07-13 21:04:10.431  1122  1122 D b/311077782: LauncherAnimationRunner.setAnimation
07-13 21:04:10.436  1615  1789 I AiAiEcho: Predicting[0]:  [CONTEXT sampling_count=5 ]
07-13 21:04:10.436  1615  1789 I AiAiEcho: EchoTargets:
07-13 21:04:10.436  1615  1789 I AiAiEcho: Filtered by AiAi flag check:
07-13 21:04:10.436  1615  1789 I AiAiEcho: [CONTEXT ratelimit_period="10 SECONDS" ]
07-13 21:04:10.446  1615  1789 I AiAiEcho: #remoteViewsTwiddler: feature disabled.
07-13 21:04:10.465  1615  1789 I AiAiEcho: #postPredictionTargets: Sending updates to UISurface home with targets# 0 (types=[])
07-13 21:04:10.468   488   488 I RanchuHwc: logCompositionFallbackIfChanged: layer 126 CompositionType fallback from 2 to 1
07-13 21:04:10.469   488   488 I RanchuHwc: logCompositionFallbackIfChanged: layer 125 CompositionType fallback from 2 to 1
07-13 21:04:10.476   697   865 D InetDiagMessage: Destroyed 0 sockets, proto=IPPROTO_TCP, family=AF_INET, states=14
07-13 21:04:10.476   697   865 D InetDiagMessage: Destroyed 0 sockets, proto=IPPROTO_TCP, family=AF_INET6, states=14
07-13 21:04:10.476   697   865 D InetDiagMessage: Destroyed live tcp sockets for uids={10106} in 1ms
07-13 21:04:10.502 10726 10726 D LifecycleMonitor: Lifecycle status change: androidx.activity.ComponentActivity@2195835 in: STOPPED
07-13 21:04:10.502  1122  1122 D SsBaseTemplateCard: No text view can be set up
07-13 21:04:10.502  1122  1122 D SsBaseTemplateCard: Passed-in item info is null
07-13 21:04:10.502  1122  1122 D SsBaseTemplateCard: Passed-in item info is null
07-13 21:04:10.502  1122  1122 D SsBaseTemplateCard: Passed-in item info is null
07-13 21:04:10.502  1122  1122 I SsBaseTemplateCard: Secondary card pane is null
07-13 21:04:10.502 10726 10726 V ActivityScenario: Update currentActivityStage to STOPPED, currentActivity=androidx.activity.ComponentActivity@2195835
07-13 21:04:10.524   697   828 I ImeTracker: com.google.android.apps.nexuslauncher:8ba9cef1: onRequestHide at ORIGIN_SERVER reason HIDE_UNSPECIFIED_WINDOW fromUser false
07-13 21:04:10.525 10726 10726 D LifecycleMonitor: Lifecycle status change: androidx.activity.ComponentActivity@2195835 in: DESTROYED
07-13 21:04:10.525 10726 10726 V ActivityScenario: Update currentActivityStage to DESTROYED, currentActivity=null
07-13 21:04:10.528 10726 10726 W WindowOnBackDispatcher: sendCancelIfRunning: isInProgress=false callback=android.view.ImeBackAnimationController@24c5268
07-13 21:04:10.528 10726 10726 W WindowOnBackDispatcher: sendCancelIfRunning: isInProgress=false callback=android.view.ViewRootImpl$$ExternalSyntheticLambda13@d0c42e8
07-13 21:04:10.543 10726 10726 D ViewRootImpl: Skipping stats log for color mode
07-13 21:04:10.553   697  1915 I ImeTracker: system_server:f8b550b7: onRequestHide at ORIGIN_SERVER reason IME_REQUESTED_CHANGED_LISTENER fromUser false
07-13 21:04:10.563 10726 10726 I ImeTracker: com.example.tiptime:f78f4346: onRequestHide at ORIGIN_CLIENT reason HIDE_SOFT_INPUT fromUser false
07-13 21:04:10.563 10726 10726 I ImeTracker: com.example.tiptime:f78f4346: onFailed at PHASE_CLIENT_VIEW_SERVED
07-13 21:04:10.590  1466  1466 I GoogleInputMethodService: GoogleInputMethodService.onFinishInputView():1524
07-13 21:04:10.592  1466  1466 I GlobeKeyExtension: GlobeKeyExtension.onDeactivate():104
07-13 21:04:10.593  1466  1466 I VoiceInputManagerWrapper: VoiceInputManagerWrapper.shutdown():122 shutdown()
07-13 21:04:10.593  1466  1466 W ExtensionWrapper: ExtensionWrapper.setAllowUpdateNavigationBarStyle():810 class iio is not activate
07-13 21:04:10.600  1122  1122 D InsetsController: hide(ime(), fromIme=false)
07-13 21:04:10.600  1122  1122 I ImeTracker: com.google.android.apps.nexuslauncher:8ba9cef1: onCancelled at PHASE_CLIENT_ALREADY_HIDDEN
07-13 21:04:10.611  1466  1466 W ExtensionWrapper: ExtensionWrapper.setAllowUpdateNavigationBarStyle():810 class iio is not activate
07-13 21:04:10.612  1466  1466 W TooltipLifecycleManager: TooltipLifecycleManager.dismissTooltips():154 Tooltip with id spell_check_add_to_dictionary not found in tooltipManager.
07-13 21:04:10.620 10726 10743 D IdlingRegistry: Unregistering idling resources: [androidx.compose.ui.test.EspressoLink@da2d20e]
07-13 21:04:10.621 10726 10743 I TestRunner: finished: calculate_20_percent_tip(com.example.tiptime.TipUITests)
