07-13 21:04:04.391 10726 10743 I TestRunner: started: calculate_20_percent_tip(com.example.tiptime.TipUITests)
07-13 21:04:04.402  1518  1667 I .apps.wellbeing: AssetManager2(0x72a312c4e9f8) locale list changing from [] to [en-US]
07-13 21:04:04.437  1518  1667 I .apps.wellbeing: AssetManager2(0x72a312c5e718) locale list changing from [] to [en-US]
07-13 21:04:04.462  1518  1667 I .apps.wellbeing: AssetManager2(0x72a312c66418) locale list changing from [] to [en-US]
07-13 21:04:04.473  1518  1667 I .apps.wellbeing: AssetManager2(0x72a312c67098) locale list changing from [] to [en-US]
07-13 21:04:04.495  1518  1667 I .apps.wellbeing: AssetManager2(0x72a312c68998) locale list changing from [] to [en-US]
07-13 21:04:04.505  1518  1667 I .apps.wellbeing: AssetManager2(0x72a312c62bd8) locale list changing from [] to [en-US]
07-13 21:04:04.509  1518  1667 I .apps.wellbeing: AssetManager2(0x72a312c5a898) locale list changing from [] to [en-US]
07-13 21:04:04.518  1518  1667 I .apps.wellbeing: AssetManager2(0x72a312c58958) locale list changing from [] to [en-US]
07-13 21:04:04.524  1518  1667 I .apps.wellbeing: AssetManager2(0x72a312c5abb8) locale list changing from [] to [en-US]
07-13 21:04:04.529  1518  1667 I .apps.wellbeing: AssetManager2(0x72a312c65798) locale list changing from [] to [en-US]
07-13 21:04:04.534  1518  1667 I .apps.wellbeing: AssetManager2(0x72a312c58c78) locale list changing from [] to [en-US]
07-13 21:04:04.543  1518  1667 I .apps.wellbeing: AssetManager2(0x72a312c69f78) locale list changing from [] to [en-US]
07-13 21:04:04.558  1518  1667 I .apps.wellbeing: AssetManager2(0x72a312c3f958) locale list changing from [] to [en-US]
07-13 21:04:04.566  1518  1667 I .apps.wellbeing: AssetManager2(0x72a312c41578) locale list changing from [] to [en-US]
07-13 21:04:04.571  1518  1667 I .apps.wellbeing: AssetManager2(0x72a312c3e698) locale list changing from [] to [en-US]
07-13 21:04:04.575  1518  1667 I .apps.wellbeing: AssetManager2(0x72a312c595d8) locale list changing from [] to [en-US]
07-13 21:04:04.578  1518  1667 I .apps.wellbeing: AssetManager2(0x72a312c40f38) locale list changing from [] to [en-US]
07-13 21:04:04.580  1518  1667 I .apps.wellbeing: AssetManager2(0x72a312c51f18) locale list changing from [] to [en-US]
07-13 21:04:04.588  1518  1667 I .apps.wellbeing: AssetManager2(0x72a312c5c7d8) locale list changing from [] to [en-US]
07-13 21:04:04.596  1518  1667 I .apps.wellbeing: AssetManager2(0x72a312c65158) locale list changing from [] to [en-US]
07-13 21:04:04.611  1518  1667 I .apps.wellbeing: AssetManager2(0x72a312c44458) locale list changing from [] to [en-US]
07-13 21:04:04.629  1518  1667 I .apps.wellbeing: AssetManager2(0x72a312c49598) locale list changing from [] to [en-US]
07-13 21:04:04.634  1518  1667 I .apps.wellbeing: AssetManager2(0x72a312c41898) locale list changing from [] to [en-US]
07-13 21:04:04.647  1518  1667 I .apps.wellbeing: AssetManager2(0x72a312c47fb8) locale list changing from [] to [en-US]
07-13 21:04:04.666  1518  1667 I .apps.wellbeing: AssetManager2(0x72a312c49278) locale list changing from [] to [en-US]
07-13 21:04:04.760 10726 10743 W FileTestStorage: Output properties is not supported.
07-13 21:04:04.764 10726 10743 I Tracing : Tracer added: class androidx.test.platform.tracing.AndroidXTracer
07-13 21:04:04.782  1518  1667 I .apps.wellbeing: AssetManager2(0x72a312c4ab78) locale list changing from [] to [en-US]
07-13 21:04:04.796  1518  1667 I .apps.wellbeing: AssetManager2(0x72a312c57058) locale list changing from [] to [en-US]
07-13 21:04:04.800  1518  1667 I .apps.wellbeing: AssetManager2(0x72a312c53e58) locale list changing from [] to [en-US]
07-13 21:04:04.804  1518  1667 I .apps.wellbeing: AssetManager2(0x72a312c469d8) locale list changing from [] to [en-US]
07-13 21:04:04.811  1518  1667 I .apps.wellbeing: AssetManager2(0x72a312c6b558) locale list changing from [] to [en-US]
07-13 21:04:04.817 10726 10726 D EventInjectionStrategy: Creating injection strategy with input manager.
07-13 21:04:04.821 10726 10726 I example.tiptime: hiddenapi: Accessing hidden method Landroid/hardware/input/InputManager;->getInstance()Landroid/hardware/input/InputManager; (runtime_flags=0, domain=platform, api=unsupported) from Landroidx/test/espresso/base/InputManagerEventInjectionStrategy; (domain=app) using reflection: allowed
07-13 21:04:04.824 10726 10726 I example.tiptime: hiddenapi: Accessing hidden method Landroid/hardware/input/InputManager;->injectInputEvent(Landroid/view/InputEvent;I)Z (runtime_flags=0, domain=platform, api=unsupported) from Landroidx/test/espresso/base/InputManagerEventInjectionStrategy; (domain=app) using reflection: allowed
07-13 21:04:04.824 10726 10726 I example.tiptime: hiddenapi: Accessing hidden field Landroid/hardware/input/InputManager;->INJECT_INPUT_EVENT_MODE_WAIT_FOR_FINISH:I (runtime_flags=0, domain=platform, api=unsupported) from Landroidx/test/espresso/base/InputManagerEventInjectionStrategy; (domain=app) using reflection: allowed
07-13 21:04:04.841 10726 10726 I example.tiptime: hiddenapi: Accessing hidden method Landroid/os/MessageQueue;->next()Landroid/os/Message; (runtime_flags=0, domain=platform, api=unsupported) from Landroidx/test/espresso/base/Interrogator; (domain=app) using reflection: allowed
07-13 21:04:04.841 10726 10726 I example.tiptime: hiddenapi: Accessing hidden field Landroid/os/MessageQueue;->mMessages:Landroid/os/Message; (runtime_flags=0, domain=platform, api=unsupported) from Landroidx/test/espresso/base/Interrogator; (domain=app) using reflection: allowed
07-13 21:04:04.842 10726 10726 I example.tiptime: hiddenapi: Accessing hidden method Landroid/os/Message;->recycleUnchecked()V (runtime_flags=0, domain=platform, api=unsupported) from Landroidx/test/espresso/base/Interrogator; (domain=app) using reflection: allowed
07-13 21:04:04.843  1518  1667 I .apps.wellbeing: AssetManager2(0x72a312c498b8) locale list changing from [] to [en-US]
07-13 21:04:04.849 10726 10743 D IdlingRegistry: Registering idling resources: [androidx.compose.ui.test.EspressoLink@da2d20e]
07-13 21:04:04.871  1518  1667 I .apps.wellbeing: AssetManager2(0x72a312c56a18) locale list changing from [] to [en-US]
07-13 21:04:04.875  1518  1667 I .apps.wellbeing: AssetManager2(0x72a312c547b8) locale list changing from [] to [en-US]
07-13 21:04:04.882  1518  1667 I .apps.wellbeing: AssetManager2(0x72a312c4fcb8) locale list changing from [] to [en-US]
07-13 21:04:04.887  1518  1667 I .apps.wellbeing: AssetManager2(0x72a312c4ed18) locale list changing from [] to [en-US]
07-13 21:04:04.890  1518  1667 I .apps.wellbeing: AssetManager2(0x72a312c4e6d8) locale list changing from [] to [en-US]
07-13 21:04:04.893  1518  1667 I .apps.wellbeing: AssetManager2(0x72a312c5f6b8) locale list changing from [] to [en-US]
07-13 21:04:04.899  1518  1667 I .apps.wellbeing: AssetManager2(0x72a312c5ea38) locale list changing from [] to [en-US]
07-13 21:04:04.909  1518  1667 I .apps.wellbeing: AssetManager2(0x72a312c57698) locale list changing from [] to [en-US]
07-13 21:04:04.913  1518  1667 I .apps.wellbeing: AssetManager2(0x72a312c50938) locale list changing from [] to [en-US]
07-13 21:04:04.920  1518  1667 I .apps.wellbeing: AssetManager2(0x72a312c57378) locale list changing from [] to [en-US]
07-13 21:04:04.924  1518  1667 I .apps.wellbeing: AssetManager2(0x72a312c647f8) locale list changing from [] to [en-US]
07-13 21:04:04.935  1518  1667 I .apps.wellbeing: AssetManager2(0x72a312c5ce18) locale list changing from [] to [en-US]
07-13 21:04:04.942  1518  1667 I .apps.wellbeing: AssetManager2(0x72a312c61c38) locale list changing from [] to [en-US]
07-13 21:04:04.947 10726 10743 W Settings: Setting always_finish_activities has moved from android.provider.Settings.System to android.provider.Settings.Global, returning read-only value.
07-13 21:04:04.951  1518  1667 I .apps.wellbeing: AssetManager2(0x72a312c55438) locale list changing from [] to [en-US]
07-13 21:04:04.960  1518  1667 I .apps.wellbeing: AssetManager2(0x72a312c63538) locale list changing from [] to [en-US]
07-13 21:04:04.966  1518  1667 I .apps.wellbeing: AssetManager2(0x72a312c3da18) locale list changing from [] to [en-US]
07-13 21:04:04.967 10726 10743 E ashmem  : Pinning is deprecated since Android Q. Please use trim or other methods.
07-13 21:04:04.987  1518  1667 I .apps.wellbeing: AssetManager2(0x72a312c679f8) locale list changing from [] to [en-US]
07-13 21:04:05.007  1518  1667 I .apps.wellbeing: AssetManager2(0x72a312c5d778) locale list changing from [] to [en-US]
07-13 21:04:05.010   697  1915 I system_server: AssetManager2(0x72a312d2f6d8) locale list changing from [] to [en-US]
07-13 21:04:05.016  1518  1667 I .apps.wellbeing: AssetManager2(0x72a312c62278) locale list changing from [] to [en-US]
07-13 21:04:05.021  1518  1667 I .apps.wellbeing: AssetManager2(0x72a312c644d8) locale list changing from [] to [en-US]
07-13 21:04:05.023   697  1915 V GrammaticalInflectionUtils: AttributionSource: android.content.AttributionSource@c564a0cb does not have READ_SYSTEM_GRAMMATICAL_GENDER permission.
07-13 21:04:05.025  1518  1667 I .apps.wellbeing: AssetManager2(0x72a312c61f58) locale list changing from [] to [en-US]
07-13 21:04:05.040  1518  1667 I .apps.wellbeing: AssetManager2(0x72a312c60018) locale list changing from [] to [en-US]
07-13 21:04:05.064  1518  1667 I .apps.wellbeing: AssetManager2(0x72a312c40c18) locale list changing from [] to [en-US]
07-13 21:04:05.136  1122  1122 W SplitSelectStateCtor: Missing session instanceIds
07-13 21:04:05.138  1122  1122 D StatsLog: LAUNCHER_SPLIT_SELECTION_EXIT_INTERRUPTED
07-13 21:04:05.156   969  1086 I ndroid.systemui: AssetManager2(0x72a312cb8df8) locale list changing from [] to [en-US]
07-13 21:04:05.183  1518  1667 I .apps.wellbeing: AssetManager2(0x72a312c60c98) locale list changing from [] to [en-US]
07-13 21:04:05.195  1518  1667 I .apps.wellbeing: AssetManager2(0x72a312c5e3f8) locale list changing from [] to [en-US]
07-13 21:04:05.202  1518  1667 I .apps.wellbeing: AssetManager2(0x72a312c3b178) locale list changing from [] to [en-US]
07-13 21:04:05.204   538   554 I BpBinder: onLastStrongRef automatically unlinking death recipients:
07-13 21:04:05.216   538   538 I BpBinder: onLastStrongRef automatically unlinking death recipients:
07-13 21:04:05.277  1119  1347 D SatelliteController: iisInCarrierRoamingNbIotNtn: satellite is disabled
07-13 21:04:05.383   611  4241 W IPCThreadState: Sending oneway calls to frozen process.
07-13 21:04:05.394   611  4241 W IPCThreadState: Sending oneway calls to frozen process.
07-13 21:04:05.407 10726 10726 I example.tiptime: AssetManager2(0x72a312c42838) locale list changing from [] to [en-US]
07-13 21:04:05.435  1518  1667 I .apps.wellbeing: AssetManager2(0x72a312c437d8) locale list changing from [] to [en-US]
07-13 21:04:05.453  1518  1667 I .apps.wellbeing: AssetManager2(0x72a312c660f8) locale list changing from [] to [en-US]
07-13 21:04:05.478  1518  1667 I .apps.wellbeing: AssetManager2(0x72a312c58318) locale list changing from [] to [en-US]
07-13 21:04:05.495  1518  1667 I .apps.wellbeing: AssetManager2(0x72a312c50c58) locale list changing from [] to [en-US]
07-13 21:04:05.541 10726 10745 I EGL_emulation: Opening libGLESv1_CM_emulation.so
07-13 21:04:05.542 10726 10745 I EGL_emulation: Opening libGLESv2_emulation.so
07-13 21:04:05.574 10726 10745 W HWUI    : Failed to choose config with EGL_SWAP_BEHAVIOR_PRESERVED, retrying without...
07-13 21:04:05.576 10726 10745 W HWUI    : Failed to initialize 101010-2 format, error = EGL_SUCCESS
07-13 21:04:05.584 10726 10726 D LifecycleMonitor: Lifecycle status change: androidx.activity.ComponentActivity@2195835 in: PRE_ON_CREATE
07-13 21:04:05.585 10726 10726 V ActivityScenario: Activity lifecycle changed event received but ignored because the reported transition was not ON_CREATE while the last known transition was PRE_ON_CREATE
07-13 21:04:05.640  1518  1667 I .apps.wellbeing: AssetManager2(0x72a312c59f38) locale list changing from [] to [en-US]
07-13 21:04:05.662  1518  1667 I .apps.wellbeing: AssetManager2(0x72a312c52878) locale list changing from [] to [en-US]
07-13 21:04:05.673 10726 10726 D CompatChangeReporter: Compat change id reported: 309578419; UID 10230; state: ENABLED
07-13 21:04:05.676 10726 10726 D DesktopModeFlags: Toggle override initialized to: OVERRIDE_UNSET
07-13 21:04:05.728  1518  1667 I .apps.wellbeing: AssetManager2(0x72a312c502f8) locale list changing from [] to [en-US]
07-13 21:04:05.735  1518  1667 I .apps.wellbeing: AssetManager2(0x72a312c54178) locale list changing from [] to [en-US]
07-13 21:04:05.744  1518  1667 I .apps.wellbeing: AssetManager2(0x72a312c60338) locale list changing from [] to [en-US]
07-13 21:04:05.753  1518  1667 I .apps.wellbeing: AssetManager2(0x72a312c65dd8) locale list changing from [] to [en-US]
07-13 21:04:05.760  1518  1667 I .apps.wellbeing: AssetManager2(0x72a312c61918) locale list changing from [] to [en-US]
07-13 21:04:05.771 10726 10726 D LifecycleMonitor: Lifecycle status change: androidx.activity.ComponentActivity@2195835 in: CREATED
07-13 21:04:05.771 10726 10726 V ActivityScenario: Update currentActivityStage to CREATED, currentActivity=androidx.activity.ComponentActivity@2195835
07-13 21:04:05.773 10726 10726 D LifecycleMonitor: Lifecycle status change: androidx.activity.ComponentActivity@2195835 in: STARTED
07-13 21:04:05.773 10726 10726 V ActivityScenario: Update currentActivityStage to STARTED, currentActivity=androidx.activity.ComponentActivity@2195835
07-13 21:04:05.795  1518  1667 I .apps.wellbeing: AssetManager2(0x72a312c4d738) locale list changing from [] to [en-US]
07-13 21:04:05.802 10726 10726 D LifecycleMonitor: Lifecycle status change: androidx.activity.ComponentActivity@2195835 in: RESUMED
07-13 21:04:05.803 10726 10726 V ActivityScenario: Update currentActivityStage to RESUMED, currentActivity=androidx.activity.ComponentActivity@2195835
07-13 21:04:05.813   697   865 D InetDiagMessage: Destroyed 0 sockets, proto=IPPROTO_TCP, family=AF_INET, states=14
07-13 21:04:05.816   697   865 D InetDiagMessage: Destroyed 0 sockets, proto=IPPROTO_TCP, family=AF_INET6, states=14
07-13 21:04:05.816   697   865 D InetDiagMessage: Destroyed live tcp sockets for uids={10192} in 4ms
07-13 21:04:05.818   697   865 D InetDiagMessage: Destroyed 0 sockets, proto=IPPROTO_TCP, family=AF_INET, states=14
07-13 21:04:05.819   697   865 D InetDiagMessage: Destroyed 0 sockets, proto=IPPROTO_TCP, family=AF_INET6, states=14
07-13 21:04:05.819   697   865 D InetDiagMessage: Destroyed live tcp sockets for uids={20192} in 3ms
07-13 21:04:05.822 10726 10726 D CompatChangeReporter: Compat change id reported: 352594277; UID 10230; state: ENABLED
07-13 21:04:05.848  1518  1667 I .apps.wellbeing: AssetManager2(0x72a312c615f8) locale list changing from [] to [en-US]
07-13 21:04:05.868 10726 10726 D CompatChangeReporter: Compat change id reported: 349153669; UID 10230; state: ENABLED
07-13 21:04:05.875  1518  1667 I .apps.wellbeing: AssetManager2(0x72a312c4f998) locale list changing from [] to [en-US]
07-13 21:04:05.880 10726 10726 W HWUI    : Unknown dataspace 0
07-13 21:04:05.892  1518  1667 I .apps.wellbeing: AssetManager2(0x72a312c5d458) locale list changing from [] to [en-US]
07-13 21:04:05.927   538  1186 W ServiceManagerCppClient: Permission failure: android.permission.ACCESS_SURFACE_FLINGER from uid=10230 pid=0
07-13 21:04:05.927   538  1186 D PermissionCache: checking android.permission.ACCESS_SURFACE_FLINGER for uid=10230 => denied (400 us)
07-13 21:04:05.927   538  1186 W ServiceManagerCppClient: Permission failure: android.permission.ROTATE_SURFACE_FLINGER from uid=10230 pid=0
07-13 21:04:05.927   538  1186 D PermissionCache: checking android.permission.ROTATE_SURFACE_FLINGER for uid=10230 => denied (239 us)
07-13 21:04:05.927   538   554 W ServiceManagerCppClient: Permission failure: android.permission.ROTATE_SURFACE_FLINGER from uid=10230 pid=10726
07-13 21:04:05.927   538   554 D PermissionCache: checking android.permission.ROTATE_SURFACE_FLINGER for uid=10230 => denied (345 us)
07-13 21:04:05.928   538  1186 W ServiceManagerCppClient: Permission failure: android.permission.INTERNAL_SYSTEM_WINDOW from uid=10230 pid=0
07-13 21:04:05.928   538  1186 D PermissionCache: checking android.permission.INTERNAL_SYSTEM_WINDOW for uid=10230 => denied (897 us)
07-13 21:04:05.929  1518  1667 I .apps.wellbeing: AssetManager2(0x72a312c68fd8) locale list changing from [] to [en-US]
07-13 21:04:05.933   538   554 W ServiceManagerCppClient: Permission failure: android.permission.INTERNAL_SYSTEM_WINDOW from uid=10230 pid=10726
07-13 21:04:05.933   538   554 D PermissionCache: checking android.permission.INTERNAL_SYSTEM_WINDOW for uid=10230 => denied (5843 us)
07-13 21:04:05.948  1518  1667 I .apps.wellbeing: AssetManager2(0x72a312c58f98) locale list changing from [] to [en-US]
07-13 21:04:05.955  1518  1667 I .apps.wellbeing: AssetManager2(0x72a312c641b8) locale list changing from [] to [en-US]
07-13 21:04:05.961  1518  1667 I .apps.wellbeing: AssetManager2(0x72a312c5ed58) locale list changing from [] to [en-US]
07-13 21:04:05.991  1518  1667 I .apps.wellbeing: AssetManager2(0x72a312c67d18) locale list changing from [] to [en-US]
07-13 21:04:06.046  1518  1667 I .apps.wellbeing: AssetManager2(0x72a312c5e0d8) locale list changing from [] to [en-US]
07-13 21:04:06.055  1518  1667 I .apps.wellbeing: AssetManager2(0x72a312c3a1d8) locale list changing from [] to [en-US]
07-13 21:04:06.087  1518  1667 I .apps.wellbeing: AssetManager2(0x72a312c3d3d8) locale list changing from [] to [en-US]
07-13 21:04:06.088  1122  1122 D VRI[NexusLauncherActivity]: visibilityChanged oldVisibility=true newVisibility=false
07-13 21:04:06.099  1518  1667 I .apps.wellbeing: AssetManager2(0x72a312c3c438) locale list changing from [] to [en-US]
07-13 21:04:06.112  1122  1122 D NexusLauncherModelDelegate: notifySmartspaceEvent: SmartspaceTargetEvent{mSmartspaceTarget=null, mSmartspaceActionId='null', mEventType=7}
07-13 21:04:06.115  1518  1667 I .apps.wellbeing: AssetManager2(0x72a312c43af8) locale list changing from [] to [en-US]
07-13 21:04:06.141   697  1904 W ServiceManagerCppClient: Permission failure: android.permission.ACCESS_SURFACE_FLINGER from uid=10230 pid=0
07-13 21:04:06.141   697  1904 D PermissionCache: checking android.permission.ACCESS_SURFACE_FLINGER for uid=10230 => denied (200 us)
07-13 21:04:06.141   697  1904 W ServiceManagerCppClient: Permission failure: android.permission.ROTATE_SURFACE_FLINGER from uid=10230 pid=0
07-13 21:04:06.142   697  1904 D PermissionCache: checking android.permission.ROTATE_SURFACE_FLINGER for uid=10230 => denied (550 us)
07-13 21:04:06.142   697  1904 W ServiceManagerCppClient: Permission failure: android.permission.INTERNAL_SYSTEM_WINDOW from uid=10230 pid=0
07-13 21:04:06.142   697  1904 D PermissionCache: checking android.permission.INTERNAL_SYSTEM_WINDOW for uid=10230 => denied (127 us)
07-13 21:04:06.172  1518  1667 I .apps.wellbeing: AssetManager2(0x72a312c5da98) locale list changing from [] to [en-US]
07-13 21:04:06.190  1122  1122 D BaseDepthController: setSurface:
07-13 21:04:06.190  1122  1122 D BaseDepthController: 	mWaitingOnSurfaceValidity: false
07-13 21:04:06.190  1122  1122 D BaseDepthController: 	mBaseSurface: null
07-13 21:04:06.190  1122  1122 D BaseDepthController: mSurface is null and mCurrentBlur is: 0
07-13 21:04:06.196  1122  1122 D StateManager: goToState - fromState: Normal, toState: Normal, partial trace:
07-13 21:04:06.196  1122  1122 D StateManager: 	at com.android.launcher3.statemanager.StateManager.moveToRestState(go/retraceme ee19ec8c009da7af1d458e7d1683a6f5bf3b93b44f6674aa108e1a3e78584fe0:4)
07-13 21:04:06.196  1122  1122 D StateManager: 	at com.android.launcher3.statemanager.StateManager.moveToRestState(go/retraceme ee19ec8c009da7af1d458e7d1683a6f5bf3b93b44f6674aa108e1a3e78584fe0:1)
07-13 21:04:06.196  1122  1122 D StateManager: 	at com.android.launcher3.statemanager.StatefulActivity.onStop(go/retraceme ee19ec8c009da7af1d458e7d1683a6f5bf3b93b44f6674aa108e1a3e78584fe0:34)
07-13 21:04:06.197  1122  1122 D StatsLog: LAUNCHER_ONSTOP
07-13 21:04:06.202  1122  1122 D StatsLog: LAUNCHER_GOOGLE_SEARCH_RESTORE_LIST_SIZE_AFTER_ACTIVITY_RESTART
07-13 21:04:06.210   697   726 I ActivityTaskManager: Displayed com.example.tiptime/androidx.activity.ComponentActivity for user 0: +1s201ms
07-13 21:04:06.309   697   828 I ImeTracker: com.example.tiptime:fc00c8a3: onRequestHide at ORIGIN_SERVER reason HIDE_UNSPECIFIED_WINDOW fromUser false
07-13 21:04:06.341 10726 10726 D InsetsController: hide(ime(), fromIme=false)
07-13 21:04:06.346 10726 10726 I ImeTracker: com.example.tiptime:fc00c8a3: onCancelled at PHASE_CLIENT_ALREADY_HIDDEN
07-13 21:04:06.482   697  1904 I ImeTracker: system_server:bc9177c0: onRequestHide at ORIGIN_SERVER reason IME_REQUESTED_CHANGED_LISTENER fromUser false
07-13 21:04:06.492   611  4241 W IPCThreadState: Sending oneway calls to frozen process.
07-13 21:04:06.492   611  4241 W IPCThreadState: Sending oneway calls to frozen process.
07-13 21:04:06.493   697   729 I ImeTracker: system_server:bc9177c0: onCancelled at PHASE_SERVER_SHOULD_HIDE
07-13 21:04:06.508  1466  1466 I GoogleInputMethodService: GoogleInputMethodService.onFinishInput():2043
07-13 21:04:06.535  1122  1138 W s.nexuslauncher: Reducing the number of considered missed Gc histogram windows from 139 to 100
07-13 21:04:06.543  1518  1667 I .apps.wellbeing: AssetManager2(0x72a312c3ff98) locale list changing from [] to [en-US]
07-13 21:04:06.559   969  1086 W WindowOnBackDispatcher: sendCancelIfRunning: isInProgress=false callback=android.view.ViewRootImpl$$ExternalSyntheticLambda13@e1eb897
07-13 21:04:06.569  1518  1667 I .apps.wellbeing: AssetManager2(0x72a312c44db8) locale list changing from [] to [en-US]
07-13 21:04:06.581  1518  1667 I .apps.wellbeing: AssetManager2(0x72a312c3e9b8) locale list changing from [] to [en-US]
07-13 21:04:06.593  1466  1466 I Module  : DeviceLockedStatusModuleProvider$Module.updateDeviceLockedStatus():100 repeatCheckTimes = 0, locked = false
07-13 21:04:06.604  1466  1466 W NotificationCenter: NotificationCenter$NotificationQueue.notifyPendingNotificationsOnExecutor():877 Heavy notify work detected on UI thread: [kig->khg, kig->ilu, kig->fro, kig->imt, kig->ilu, kig->ilu, kig->ilu, kig->lux, kig->fef, kig->khc, kig->ilu, kig->gkl, kig->fcb, kig->ilu, kig->ijm, kig->ilu, kig->ilu, kig->ilu, kig->jnx, kig->ilu, kig->ilu, kig->ilu, kig->jvb, kig->ilu, kig->ilu] takes 41ms
07-13 21:04:06.614  1254  1594 I FontLog : (REDACTED) Received query %s, URI %s
07-13 21:04:06.624  1254  1594 I FontLog : (REDACTED) Query [%s] resolved to %s
07-13 21:04:06.637  1466  1466 I GoogleInputMethodService: GoogleInputMethodService.onStartInput():1293 onStartInput(EditorInfo{EditorInfo{packageName=com.example.tiptime, inputType=0, inputTypeString=NULL, enableLearning=false, autoCorrection=false, autoComplete=false, imeOptions=0, privateImeOptions=null, actionName=UNSPECIFIED, actionLabel=null, initialSelStart=-1, initialSelEnd=-1, initialCapsMode=0, label=null, fieldId=0, fieldName=null, extras=null, hintText=null, hintLocales=[]}}, false)
07-13 21:04:06.647  1518  1667 I .apps.wellbeing: AssetManager2(0x72a312c408f8) locale list changing from [] to [en-US]
07-13 21:04:06.659  1466  1466 I Module  : DeviceLockedStatusModuleProvider$Module.updateDeviceLockedStatus():100 repeatCheckTimes = 1, locked = false
07-13 21:04:06.678  1466  1466 W NotificationCenter: NotificationCenter$NotificationQueue.notifyPendingNotificationsOnExecutor():877 Heavy notify work detected on UI thread: [kig->khg, kig->ilu, kig->fro, kig->imt, kig->ilu, kig->ilu, kig->ilu, kig->lux, kig->fef, kig->khc, kig->ilu, kig->gkl, kig->fcb, kig->ilu, kig->ijm, kig->ilu, kig->ilu, kig->ilu, kig->jnx, kig->ilu, kig->ilu, kig->ilu, kig->jvb, kig->ilu, kig->ilu] takes 23ms
07-13 21:04:06.678  1518  1667 I .apps.wellbeing: AssetManager2(0x72a312c45718) locale list changing from [] to [en-US]
07-13 21:04:06.709  1254  1594 I FontLog : (REDACTED) Fetch %s end status %s
07-13 21:04:06.791  1254  1594 I FontLog : (REDACTED) Pulling font file for id = %d, cache size = %d
07-13 21:04:06.872  1518  1667 I .apps.wellbeing: AssetManager2(0x72a312c421f8) locale list changing from [] to [en-US]
07-13 21:04:06.898  1254  1594 I FontLog : (REDACTED) Pulling font file for id = %d, cache size = %d
07-13 21:04:06.967  1518  1667 I .apps.wellbeing: AssetManager2(0x72a312c41bb8) locale list changing from [] to [en-US]
07-13 21:04:07.020 10726 10731 I example.tiptime: Compiler allocated 5042KB to compile void android.view.ViewRootImpl.performTraversals()
07-13 21:04:07.139  1518  1668 I .apps.wellbeing: AssetManager2(0x72a312c4e9f8) locale list changing from [] to [en-US]
07-13 21:04:07.144  1518  1668 I .apps.wellbeing: AssetManager2(0x72a312c4f038) locale list changing from [] to [en-US]
07-13 21:04:07.148  1518  1668 I .apps.wellbeing: AssetManager2(0x72a312c52b98) locale list changing from [] to [en-US]
07-13 21:04:07.159  1518  1668 I .apps.wellbeing: AssetManager2(0x72a312c66d78) locale list changing from [] to [en-US]
07-13 21:04:07.165  1518  1668 I .apps.wellbeing: AssetManager2(0x72a312c4bb18) locale list changing from [] to [en-US]
07-13 21:04:07.169  1518  1668 I .apps.wellbeing: AssetManager2(0x72a312c47c98) locale list changing from [] to [en-US]
07-13 21:04:07.173  1518  1668 I .apps.wellbeing: AssetManager2(0x72a312c4ffd8) locale list changing from [] to [en-US]
07-13 21:04:07.178  1518  1668 I .apps.wellbeing: AssetManager2(0x72a312c6bb98) locale list changing from [] to [en-US]
07-13 21:04:07.181  1518  1668 I .apps.wellbeing: AssetManager2(0x72a312c641b8) locale list changing from [] to [en-US]
07-13 21:04:07.191  1518  1668 I .apps.wellbeing: AssetManager2(0x72a312c5caf8) locale list changing from [] to [en-US]
07-13 21:04:07.196  1518  1668 I .apps.wellbeing: AssetManager2(0x72a312c63e98) locale list changing from [] to [en-US]
07-13 21:04:07.201  1518  1668 I .apps.wellbeing: AssetManager2(0x72a312c68fd8) locale list changing from [] to [en-US]
07-13 21:04:07.204  1518  1668 I .apps.wellbeing: AssetManager2(0x72a312c4f998) locale list changing from [] to [en-US]
07-13 21:04:07.211  1518  1668 I .apps.wellbeing: AssetManager2(0x72a312c5f078) locale list changing from [] to [en-US]
07-13 21:04:07.212  1518  1668 I .apps.wellbeing: AssetManager2(0x72a312c4d738) locale list changing from [] to [en-US]
07-13 21:04:07.216  1518  1668 I .apps.wellbeing: AssetManager2(0x72a312c615f8) locale list changing from [] to [en-US]
07-13 21:04:07.222  1518  1668 I .apps.wellbeing: AssetManager2(0x72a312c60338) locale list changing from [] to [en-US]
07-13 21:04:07.224  1518  1668 I .apps.wellbeing: AssetManager2(0x72a312c4f358) locale list changing from [] to [en-US]
07-13 21:04:07.227  1518  1668 I .apps.wellbeing: AssetManager2(0x72a312c4e3b8) locale list changing from [] to [en-US]
07-13 21:04:07.228  1518  1668 I .apps.wellbeing: AssetManager2(0x72a312c65dd8) locale list changing from [] to [en-US]
07-13 21:04:07.229  1518  1668 I .apps.wellbeing: AssetManager2(0x72a312c50618) locale list changing from [] to [en-US]
07-13 21:04:07.231  1518  1668 I .apps.wellbeing: AssetManager2(0x72a312c5a258) locale list changing from [] to [en-US]
07-13 21:04:07.232  1518  1668 I .apps.wellbeing: AssetManager2(0x72a312c53b38) locale list changing from [] to [en-US]
07-13 21:04:08.092 10726 10726 I Choreographer: Skipped 70 frames!  The application may be doing too much work on its main thread.
07-13 21:04:08.319 10726 10755 I HWUI    : Davey! duration=1385ms; Flags=0, FrameTimelineVsyncId=906412, IntendedVsync=36254013712220, Vsync=36255180378840, InputEventId=0, HandleInputStart=36255191175300, AnimationStart=36255191225500, PerformTraversalsStart=36255237082200, DrawStart=36255329059200, FrameDeadline=36254030378886, FrameStartTime=36255190623500, FrameInterval=16666666, WorkloadTarget=16666666, SyncQueued=36255358088700, SyncStart=36255358372100, IssueDrawCommandsStart=36255358433500, SwapBuffers=36255397732300, FrameCompleted=36255399560600, DequeueBufferDuration=18400, QueueBufferDuration=1050200, GpuCompleted=36255399461300, SwapBuffersCompleted=36255399560600, DisplayPresentTime=0, CommandSubmissionCompleted=36255397732300,
07-13 21:04:08.398 10726 10726 D InsetsController: show(ime(), fromIme=false)
07-13 21:04:08.399 10726 10726 I ImeTracker: com.example.tiptime:69e4a9e: onRequestShow at ORIGIN_CLIENT reason SHOW_SOFT_INPUT_BY_INSETS_API fromUser false
07-13 21:04:08.400  1466  1466 I GoogleInputMethodService: GoogleInputMethodService.onFinishInput():2043
07-13 21:04:08.402  1466  1466 I Module  : DeviceLockedStatusModuleProvider$Module.updateDeviceLockedStatus():100 repeatCheckTimes = 0, locked = false
07-13 21:04:08.407  1466  1466 I GoogleInputMethodService: GoogleInputMethodService.onStartInput():1293 onStartInput(EditorInfo{EditorInfo{packageName=com.example.tiptime, inputType=2, inputTypeString=Number, enableLearning=false, autoCorrection=false, autoComplete=false, imeOptions=2000005, privateImeOptions=null, actionName=NEXT, actionLabel=null, initialSelStart=0, initialSelEnd=0, initialCapsMode=0, label=null, fieldId=-1, fieldName=null, extras=Bundle[mParcelledData.dataSize=404], hintText=null, hintLocales=[]}}, false)
07-13 21:04:08.519  1466  1466 E InputConnectionWrapper: InputConnectionWrapper.waitForInputConnectionFutureInternal():1688 Failed to get the input connection call's result.
07-13 21:04:08.519  1466  1466 E InputConnectionWrapper: java.util.concurrent.TimeoutException: Waited 100 milliseconds (plus 1 milliseconds, 74900 nanoseconds delay) for qfs@b9ac2f3[status=PENDING, info=[task=[running=[RUNNING ON ICWrapper-1], euq@33d3bb0]]]
07-13 21:04:08.519  1466  1466 E InputConnectionWrapper: 	at qcq.get(PG:52)
07-13 21:04:08.519  1466  1466 E InputConnectionWrapper: 	at kcs.e(PG:10)
07-13 21:04:08.519  1466  1466 E InputConnectionWrapper: 	at kcs.d(PG:20)
07-13 21:04:08.519  1466  1466 E InputConnectionWrapper: 	at kcs.s(PG:56)
07-13 21:04:08.519  1466  1466 E InputConnectionWrapper: 	at kfo.k(PG:7)
07-13 21:04:08.519  1466  1466 E InputConnectionWrapper: 	at kfo.j(PG:40)
07-13 21:04:08.519  1466  1466 E InputConnectionWrapper: 	at kfo.f(PG:37)
07-13 21:04:08.519  1466  1466 E InputConnectionWrapper: 	at dbj.v(PG:90)
07-13 21:04:08.519  1466  1466 E InputConnectionWrapper: 	at kgn.onStartInput(PG:206)
07-13 21:04:08.519  1466  1466 E InputConnectionWrapper: 	at android.inputmethodservice.InputMethodService.doStartInput(InputMethodService.java:3521)
07-13 21:04:08.519  1466  1466 E InputConnectionWrapper: 	at android.inputmethodservice.InputMethodService$InputMethodImpl.startInput(InputMethodService.java:879)
07-13 21:04:08.519  1466  1466 E InputConnectionWrapper: 	at android.inputmethodservice.InputMethodService$InputMethodImpl.dispatchStartInput(InputMethodService.java:908)
07-13 21:04:08.519  1466  1466 E InputConnectionWrapper: 	at android.inputmethodservice.IInputMethodWrapper.executeMessage(IInputMethodWrapper.java:201)
07-13 21:04:08.519  1466  1466 E InputConnectionWrapper: 	at com.android.internal.os.HandlerCaller$MyHandler.handleMessage(HandlerCaller.java:44)
07-13 21:04:08.519  1466  1466 E InputConnectionWrapper: 	at android.os.Handler.dispatchMessage(Handler.java:110)
07-13 21:04:08.519  1466  1466 E InputConnectionWrapper: 	at android.os.Looper.loopOnce(Looper.java:248)
07-13 21:04:08.519  1466  1466 E InputConnectionWrapper: 	at android.os.Looper.loop(Looper.java:338)
07-13 21:04:08.519  1466  1466 E InputConnectionWrapper: 	at android.app.ActivityThread.main(ActivityThread.java:9067)
07-13 21:04:08.519  1466  1466 E InputConnectionWrapper: 	at java.lang.reflect.Method.invoke(Native Method)
07-13 21:04:08.519  1466  1466 E InputConnectionWrapper: 	at com.android.internal.os.RuntimeInit$MethodAndArgsCaller.run(RuntimeInit.java:593)
07-13 21:04:08.519  1466  1466 E InputConnectionWrapper: 	at com.android.internal.os.ZygoteInit.main(ZygoteInit.java:932)
07-13 21:04:08.520  1466  1466 W InputConnectionWrapper: InputConnectionWrapper.recordDuration():1609 IPC IC_REQUEST_CURSOR_UPDATES took 110 ms
07-13 21:04:08.523  1466  1466 I Module  : DeviceLockedStatusModuleProvider$Module.updateDeviceLockedStatus():100 repeatCheckTimes = 1, locked = false
07-13 21:04:08.526  1466  1466 I HardKeyTracker: HardKeyTracker.unregisterKeySequence():182 Unregister key sequence lsr{labelResId=0, callback=fjq@435289c, lastModifier=0, keyCodes=[57, 57], actions=[1, 0]}
07-13 21:04:08.527  1466  1466 I HardKeyTracker: HardKeyTracker.unregisterKeySequence():182 Unregister key sequence lsr{labelResId=0, callback=fjq@e986e2b, lastModifier=0, keyCodes=[58, 58], actions=[1, 0]}
07-13 21:04:08.533  1466  1466 I GoogleInputMethodService: GoogleInputMethodService.onStartInput():1293 onStartInput(EditorInfo{EditorInfo{packageName=com.example.tiptime, inputType=2, inputTypeString=Number, enableLearning=false, autoCorrection=false, autoComplete=false, imeOptions=2000005, privateImeOptions=null, actionName=NEXT, actionLabel=null, initialSelStart=0, initialSelEnd=0, initialCapsMode=0, label=null, fieldId=-1, fieldName=null, extras=Bundle[mParcelledData.dataSize=404], hintText=null, hintLocales=[]}}, true)
07-13 21:04:08.533  1466  1466 W SessionManager: SessionManager.beginSession():53 Try to begin an already begun session [INPUT_SESSION], end it first
07-13 21:04:08.632 10726 10726 I ImeTracker: com.example.tiptime:d0ac54a1: onRequestShow at ORIGIN_CLIENT reason SHOW_SOFT_INPUT fromUser false
07-13 21:04:08.633 10726 10726 D InsetsController: show(ime(), fromIme=false)
07-13 21:04:08.633 10726 10726 I ImeTracker: com.example.tiptime:d0ac54a1: onCancelled at PHASE_CLIENT_REPORT_REQUESTED_VISIBLE_TYPES
07-13 21:04:08.636 10726 10726 W RemoteInputConnectionImpl: requestCursorUpdates on inactive InputConnection
07-13 21:04:08.638  1466  1466 E InputConnectionWrapper: InputConnectionWrapper.waitForInputConnectionFutureInternal():1688 Failed to get the input connection call's result.
07-13 21:04:08.638  1466  1466 E InputConnectionWrapper: java.util.concurrent.TimeoutException: Waited 100 milliseconds (plus 1 milliseconds, 723100 nanoseconds delay) for qfs@336faba[status=PENDING, info=[task=[running=[NOT STARTED YET], euq@4a99d6b]]]
07-13 21:04:08.638  1466  1466 E InputConnectionWrapper: 	at qcq.get(PG:52)
07-13 21:04:08.638  1466  1466 E InputConnectionWrapper: 	at kcs.e(PG:10)
07-13 21:04:08.638  1466  1466 E InputConnectionWrapper: 	at kcs.d(PG:20)
07-13 21:04:08.638  1466  1466 E InputConnectionWrapper: 	at kcs.s(PG:56)
07-13 21:04:08.638  1466  1466 E InputConnectionWrapper: 	at kfo.k(PG:7)
07-13 21:04:08.638  1466  1466 E InputConnectionWrapper: 	at kfo.j(PG:40)
07-13 21:04:08.638  1466  1466 E InputConnectionWrapper: 	at kfo.f(PG:37)
07-13 21:04:08.638  1466  1466 E InputConnectionWrapper: 	at dbj.v(PG:90)
07-13 21:04:08.638  1466  1466 E InputConnectionWrapper: 	at kgn.onStartInput(PG:206)
07-13 21:04:08.638  1466  1466 E InputConnectionWrapper: 	at android.inputmethodservice.InputMethodService.doStartInput(InputMethodService.java:3521)
07-13 21:04:08.638  1466  1466 E InputConnectionWrapper: 	at android.inputmethodservice.InputMethodService$InputMethodImpl.restartInput(InputMethodService.java:891)
07-13 21:04:08.638  1466  1466 E InputConnectionWrapper: 	at android.inputmethodservice.InputMethodService$InputMethodImpl.dispatchStartInput(InputMethodService.java:906)
07-13 21:04:08.638  1466  1466 E InputConnectionWrapper: 	at android.inputmethodservice.IInputMethodWrapper.executeMessage(IInputMethodWrapper.java:201)
07-13 21:04:08.638  1466  1466 E InputConnectionWrapper: 	at com.android.internal.os.HandlerCaller$MyHandler.handleMessage(HandlerCaller.java:44)
07-13 21:04:08.638  1466  1466 E InputConnectionWrapper: 	at android.os.Handler.dispatchMessage(Handler.java:110)
07-13 21:04:08.638  1466  1466 E InputConnectionWrapper: 	at android.os.Looper.loopOnce(Looper.java:248)
07-13 21:04:08.638  1466  1466 E InputConnectionWrapper: 	at android.os.Looper.loop(Looper.java:338)
07-13 21:04:08.638  1466  1466 E InputConnectionWrapper: 	at android.app.ActivityThread.main(ActivityThread.java:9067)
07-13 21:04:08.638  1466  1466 E InputConnectionWrapper: 	at java.lang.reflect.Method.invoke(Native Method)
07-13 21:04:08.638  1466  1466 E InputConnectionWrapper: 	at com.android.internal.os.RuntimeInit$MethodAndArgsCaller.run(RuntimeInit.java:593)
07-13 21:04:08.638  1466  1466 E InputConnectionWrapper: 	at com.android.internal.os.ZygoteInit.main(ZygoteInit.java:932)
07-13 21:04:08.638  1466  1466 W InputConnectionWrapper: InputConnectionWrapper.recordDuration():1609 IPC IC_REQUEST_CURSOR_UPDATES took 104 ms
07-13 21:04:08.641  1466  1466 I Module  : DeviceLockedStatusModuleProvider$Module.updateDeviceLockedStatus():100 repeatCheckTimes = 1, locked = false
07-13 21:04:08.645  1466  1466 I StylusModule: StylusModule.onUpdateToolType():801 Update tool type = 2
07-13 21:04:08.658  1466  1466 I GoogleInputMethodService: GoogleInputMethodService.onStartInputView():1392 onStartInputView(EditorInfo{EditorInfo{packageName=com.example.tiptime, inputType=2, inputTypeString=Number, enableLearning=false, autoCorrection=false, autoComplete=false, imeOptions=2000005, privateImeOptions=null, actionName=NEXT, actionLabel=null, initialSelStart=0, initialSelEnd=0, initialCapsMode=0, label=null, fieldId=-1, fieldName=null, extras=Bundle[{android.support.text.emoji.emojiCompat_metadataVersion=10, androidx.core.view.inputmethod.EditorInfoCompat.STYLUS_HANDWRITING_ENABLED=true, android.support.text.emoji.emojiCompat_replaceAll=false}], hintText=null, hintLocales=[]}}, false)
07-13 21:04:08.662  1466  1466 I KeyboardHeightUtil: KeyboardHeightUtil.getOemKeyboardHeightRatio():161 systemKeyboardHeightRatio:1.000000.
07-13 21:04:08.670  1466  1466 I AndroidIME: InputBundleManager.loadActiveInputBundleId():483 loadActiveInputBundleId: und-Latn-x-number, number
07-13 21:04:08.671  1466  1466 I KeyboardWrapper: KeyboardWrapper.activateKeyboard():562 activateKeyboard(): type=accessory, status=0, imeDef=kyj{stringId=number, language=und-Latn-x-number, languageTag=und-Latn-x-number, processedConditions={}, className=com.google.android.libraries.inputmethod.ime.DummyIme, label=2132019005, keyEventInterpreter=null, inlineComposing=true, autoCapital=false, announceAutoSelectedCandidate=false, statusIcon=0, primeKeyboardType=SOFT, indicatorIcon=0, indicatorLabel=null, displayAppCompletions=false, extraValues=kyb{}, processors=lac@460f995, unacceptableMetaKeys=4098, languageSpecificSettings=0, asciiCapable=false, alwaysShowSuggestions=false, useAsciiPasswordKeyboard=false, secondaryIme=null, keyboardGroupDef=kzl@49f0a38, phenotypeFlagId=0, localizationLanguageTag=null, supportsInlineSuggestion=false}
07-13 21:04:08.673  1466  1466 I KeyboardManager: KeyboardManager.requestKeyboard():248 Creating keyboard accessory, imeId=number, cacheKey=theme_!gsf_!pgsans_!pgsf_!use_system_font_BORDER=true_FLAVOR_DPI=XXHDPI_KEYBOARD_WIDTH_CATEGORY=NORMAL_LIGHT_THEME=true_PHYSICAL_DIAGONAL=6.0111027_SCREEN_SHORTEST_WIDTH=411_SCREEN_SHORTEST_WIDTH_NO_SCALE=411_bottom4dp_enable_google_fonts_icons=true_enable_popup_on_keypress=true_keyboard_redesign_google_sans=true_noshadow_overlay_builtin_dynamic_color_light_base.binarypb:gm3-light-fffaf8ff-ff475d92-6dac7c28fa7faa76f8370bbfdbc77981_silkpopup_unify_function_key_color=true
07-13 21:04:08.678  1466  1466 I KeyboardWrapper: KeyboardWrapper.onKeyboardReady():212 onKeyboardReady(): type=accessory(accessory), kb=com.google.android.libraries.inputmethod.keyboard.impl.Keyboard@7eb82f2
07-13 21:04:08.678  1466  1466 I KeyboardWrapper: KeyboardWrapper.doActivateKeyboard():589 doActivateKeyboard(): accessory
07-13 21:04:08.680  1466  1466 W Keyboard: Keyboard.getKeyboardViewHelper():597 null helper is returned: keyboardDef=kze{processedConditions={}, globalConditions={}, className=com.google.android.libraries.inputmethod.keyboard.impl.Keyboard, resourceIds=[#0x7f170045], initialStates=0, keyboardViewDefs=[], persistentStates=0, persistentStatesPrefKey=null, popupBubbleLayoutId=0, recentKeyLayoutId=0, recentKeyPopupLayoutId=0, recentKeyType=null, rememberRecentKey=NONE, sessionStates=0}, type=HEADER, helpersCreated=[null, null, null, null], context.getResources().getConfiguration(): {1.0 310mcc260mnc [en_US] ldltr sw411dp w411dp h845dp 420dpi nrml long port finger qwerty/v/v dpad/v winConfig={ mBounds=Rect(0, 0 - 1080, 2424) mAppBounds=Rect(0, 142 - 1080, 2361) mMaxBounds=Rect(0, 0 - 1080, 2424) mDisplayRotation=ROTATION_0 mWindowingMode=fullscreen mActivityType=undefined mAlwaysOnTop=undefined mRotation=ROTATION_0} as.3 s.147 fontWeightAdjustment=0}
07-13 21:04:08.683  1466  1466 W Keyboard: Keyboard.getKeyboardViewHelper():597 null helper is returned: keyboardDef=kze{processedConditions={}, globalConditions={}, className=com.google.android.libraries.inputmethod.keyboard.impl.Keyboard, resourceIds=[#0x7f170045], initialStates=0, keyboardViewDefs=[], persistentStates=0, persistentStatesPrefKey=null, popupBubbleLayoutId=0, recentKeyLayoutId=0, recentKeyPopupLayoutId=0, recentKeyType=null, rememberRecentKey=NONE, sessionStates=0}, type=BODY, helpersCreated=[null, null, null, null], context.getResources().getConfiguration(): {1.0 310mcc260mnc [en_US] ldltr sw411dp w411dp h845dp 420dpi nrml long port finger qwerty/v/v dpad/v winConfig={ mBounds=Rect(0, 0 - 1080, 2424) mAppBounds=Rect(0, 142 - 1080, 2361) mMaxBounds=Rect(0, 0 - 1080, 2424) mDisplayRotation=ROTATION_0 mWindowingMode=fullscreen mActivityType=undefined mAlwaysOnTop=undefined mRotation=ROTATION_0} as.3 s.147 fontWeightAdjustment=0}
07-13 21:04:08.684  1466  1466 I GlobeKeyExtension: GlobeKeyExtension.getKeyboardInitialStates():131
07-13 21:04:08.690  1466  1466 W Keyboard: Keyboard.getKeyboardViewHelper():597 null helper is returned: keyboardDef=kze{processedConditions={}, globalConditions={}, className=com.google.android.libraries.inputmethod.keyboard.impl.Keyboard, resourceIds=[#0x7f170045], initialStates=0, keyboardViewDefs=[], persistentStates=0, persistentStatesPrefKey=null, popupBubbleLayoutId=0, recentKeyLayoutId=0, recentKeyPopupLayoutId=0, recentKeyType=null, rememberRecentKey=NONE, sessionStates=0}, type=HEADER, helpersCreated=[null, null, null, null], context.getResources().getConfiguration(): {1.0 310mcc260mnc [en_US] ldltr sw411dp w411dp h845dp 420dpi nrml long port finger qwerty/v/v dpad/v winConfig={ mBounds=Rect(0, 0 - 1080, 2424) mAppBounds=Rect(0, 142 - 1080, 2361) mMaxBounds=Rect(0, 0 - 1080, 2424) mDisplayRotation=ROTATION_0 mWindowingMode=fullscreen mActivityType=undefined mAlwaysOnTop=undefined mRotation=ROTATION_0} as.3 s.147 fontWeightAdjustment=0}
07-13 21:04:08.691  1466  1466 W Keyboard: Keyboard.getKeyboardViewHelper():597 null helper is returned: keyboardDef=kze{processedConditions={}, globalConditions={}, className=com.google.android.libraries.inputmethod.keyboard.impl.Keyboard, resourceIds=[#0x7f170045], initialStates=0, keyboardViewDefs=[], persistentStates=0, persistentStatesPrefKey=null, popupBubbleLayoutId=0, recentKeyLayoutId=0, recentKeyPopupLayoutId=0, recentKeyType=null, rememberRecentKey=NONE, sessionStates=0}, type=BODY, helpersCreated=[null, null, null, null], context.getResources().getConfiguration(): {1.0 310mcc260mnc [en_US] ldltr sw411dp w411dp h845dp 420dpi nrml long port finger qwerty/v/v dpad/v winConfig={ mBounds=Rect(0, 0 - 1080, 2424) mAppBounds=Rect(0, 142 - 1080, 2361) mMaxBounds=Rect(0, 0 - 1080, 2424) mDisplayRotation=ROTATION_0 mWindowingMode=fullscreen mActivityType=undefined mAlwaysOnTop=undefined mRotation=ROTATION_0} as.3 s.147 fontWeightAdjustment=0}
07-13 21:04:08.691  1466  1466 W Keyboard: Keyboard.getKeyboardViewHelper():597 null helper is returned: keyboardDef=kze{processedConditions={}, globalConditions={}, className=com.google.android.libraries.inputmethod.keyboard.impl.Keyboard, resourceIds=[#0x7f170045], initialStates=0, keyboardViewDefs=[], persistentStates=0, persistentStatesPrefKey=null, popupBubbleLayoutId=0, recentKeyLayoutId=0, recentKeyPopupLayoutId=0, recentKeyType=null, rememberRecentKey=NONE, sessionStates=0}, type=FLOATING_CANDIDATES, helpersCreated=[null, null, null, null], context.getResources().getConfiguration(): {1.0 310mcc260mnc [en_US] ldltr sw411dp w411dp h845dp 420dpi nrml long port finger qwerty/v/v dpad/v winConfig={ mBounds=Rect(0, 0 - 1080, 2424) mAppBounds=Rect(0, 142 - 1080, 2361) mMaxBounds=Rect(0, 0 - 1080, 2424) mDisplayRotation=ROTATION_0 mWindowingMode=fullscreen mActivityType=undefined mAlwaysOnTop=undefined mRotation=ROTATION_0} as.3 s.147 fontWeightAdjustment=0}
07-13 21:04:08.691  1466  1466 W Keyboard: Keyboard.getKeyboardViewHelper():597 null helper is returned: keyboardDef=kze{processedConditions={}, globalConditions={}, className=com.google.android.libraries.inputmethod.keyboard.impl.Keyboard, resourceIds=[#0x7f170045], initialStates=0, keyboardViewDefs=[], persistentStates=0, persistentStatesPrefKey=null, popupBubbleLayoutId=0, recentKeyLayoutId=0, recentKeyPopupLayoutId=0, recentKeyType=null, rememberRecentKey=NONE, sessionStates=0}, type=WIDGET, helpersCreated=[null, null, null, null], context.getResources().getConfiguration(): {1.0 310mcc260mnc [en_US] ldltr sw411dp w411dp h845dp 420dpi nrml long port finger qwerty/v/v dpad/v winConfig={ mBounds=Rect(0, 0 - 1080, 2424) mAppBounds=Rect(0, 142 - 1080, 2361) mMaxBounds=Rect(0, 0 - 1080, 2424) mDisplayRotation=ROTATION_0 mWindowingMode=fullscreen mActivityType=undefined mAlwaysOnTop=undefined mRotation=ROTATION_0} as.3 s.147 fontWeightAdjustment=0}
07-13 21:04:08.695  1466  1466 I KeyboardManager: KeyboardManager.requestKeyboard():248 Creating keyboard accessory_candidates_consumer, imeId=number, cacheKey=theme_!gsf_!pgsans_!pgsf_!use_system_font_BORDER=true_FLAVOR_DPI=XXHDPI_KEYBOARD_WIDTH_CATEGORY=NORMAL_LIGHT_THEME=true_PHYSICAL_DIAGONAL=6.0111027_SCREEN_SHORTEST_WIDTH=411_SCREEN_SHORTEST_WIDTH_NO_SCALE=411_bottom4dp_enable_google_fonts_icons=true_enable_popup_on_keypress=true_keyboard_redesign_google_sans=true_noshadow_overlay_builtin_dynamic_color_light_base.binarypb:gm3-light-fffaf8ff-ff475d92-6dac7c28fa7faa76f8370bbfdbc77981_silkpopup_unify_function_key_color=true
07-13 21:04:08.705  1466  1466 I GlobeKeyExtension: GlobeKeyExtension.getKeyboardInitialStates():131
07-13 21:04:08.709  1466  1466 W Keyboard: Keyboard.getKeyboardViewHelper():597 null helper is returned: keyboardDef=kze{processedConditions={}, globalConditions={global_theme_key=theme_!gsf_!pgsans_!pgsf_!use_system_font_BORDER=true_FLAVOR_DPI=XXHDPI_KEYBOARD_WIDTH_CATEGORY=NORMAL_LIGHT_THEME=true_PHYSICAL_DIAGONAL=6.0111027_SCREEN_SHORTEST_WIDTH=411_SCREEN_SHORTEST_WIDTH_NO_SCALE=411_bottom4dp_enable_google_fonts_icons=true_enable_popup_on_keypress=true_keyboard_redesign_google_sans=true_noshadow_overlay_builtin_dynamic_color_light_base.binarypb:gm3-light-fffaf8ff-ff475d92-6dac7c28fa7faa76f8370bbfdbc77981_silkpopup_unify_function_key_color=true, global_locale=en_US, global_density_dpi=420, global_orientation=1}, className=.latin.keyboard.AccessoryKeyboard, resourceIds=[#0x7f170044], initialStates=0, keyboardViewDefs=[kzt{direction=null, id=#0x7f0b0166, isScalable=false, layoutId=#0x7f0e002d, type=FLOATING_CANDIDATES, touchable=true, defaultShow=false}], persistentStates=0, persistentStatesPrefKey=null, popupBubbleLayoutId=#0x7f0e05ce, recentKeyLayoutId=0, recentKeyPopupLayoutId=0, recentKeyType=null, rememberRecentKey=NONE, sessionStates=0}, type=HEADER, helpersCreated=[null, null, kkl@7a63174, null], context.getResources().getConfiguration(): {1.0 310mcc260mnc [en_US] ldltr sw411dp w411dp h845dp 420dpi nrml long port finger qwerty/v/v dpad/v winConfig={ mBounds=Rect(0, 0 - 1080, 2424) mAppBounds=Rect(0, 142 - 1080, 2361) mMaxBounds=Rect(0, 0 - 1080, 2424) mDisplayRotation=ROTATION_0 mWindowingMode=fullscreen mActivityType=undefined mAlwaysOnTop=undefined mRotation=ROTATION_0} as.3 s.147 fontWeightAdjustment=0}
07-13 21:04:08.709  1466  1466 W Keyboard: Keyboard.getKeyboardViewHelper():597 null helper is returned: keyboardDef=kze{processedConditions={}, globalConditions={global_theme_key=theme_!gsf_!pgsans_!pgsf_!use_system_font_BORDER=true_FLAVOR_DPI=XXHDPI_KEYBOARD_WIDTH_CATEGORY=NORMAL_LIGHT_THEME=true_PHYSICAL_DIAGONAL=6.0111027_SCREEN_SHORTEST_WIDTH=411_SCREEN_SHORTEST_WIDTH_NO_SCALE=411_bottom4dp_enable_google_fonts_icons=true_enable_popup_on_keypress=true_keyboard_redesign_google_sans=true_noshadow_overlay_builtin_dynamic_color_light_base.binarypb:gm3-light-fffaf8ff-ff475d92-6dac7c28fa7faa76f8370bbfdbc77981_silkpopup_unify_function_key_color=true, global_locale=en_US, global_density_dpi=420, global_orientation=1}, className=.latin.keyboard.AccessoryKeyboard, resourceIds=[#0x7f170044], initialStates=0, keyboardViewDefs=[kzt{direction=null, id=#0x7f0b0166, isScalable=false, layoutId=#0x7f0e002d, type=FLOATING_CANDIDATES, touchable=true, defaultShow=false}], persistentStates=0, persistentStatesPrefKey=null, popupBubbleLayoutId=#0x7f0e05ce, recentKeyLayoutId=0, recentKeyPopupLayoutId=0, recentKeyType=null, rememberRecentKey=NONE, sessionStates=0}, type=BODY, helpersCreated=[null, null, kkl@7a63174, null], context.getResources().getConfiguration(): {1.0 310mcc260mnc [en_US] ldltr sw411dp w411dp h845dp 420dpi nrml long port finger qwerty/v/v dpad/v winConfig={ mBounds=Rect(0, 0 - 1080, 2424) mAppBounds=Rect(0, 142 - 1080, 2361) mMaxBounds=Rect(0, 0 - 1080, 2424) mDisplayRotation=ROTATION_0 mWindowingMode=fullscreen mActivityType=undefined mAlwaysOnTop=undefined mRotation=ROTATION_0} as.3 s.147 fontWeightAdjustment=0}
07-13 21:04:08.722  1466  1466 I AndroidIME: InputBundleManager.startInput():361 startInput() with kzp[keyboardType=accessory, payload=null]
07-13 21:04:08.724  1466  1466 I GlobeKeyExtension: GlobeKeyExtension.onActivate():70
